<html>
<body>
<pre>
<h1>µVision Build Log</h1>
<h2>Tool Versions:</h2>
IDE-Version: ¦ÌVision V5.28.0.0
Copyright (C) 2019 ARM Ltd and ARM Germany GmbH. All rights reserved.
License Information: m m, m, LIC=LSNPC-7N4S5-VDUKA-1RNSV-5DIA7-YIKRV
 
Tool Versions:
Toolchain:       MDK-ARM Plus  Version: 5.28.0.0
Toolchain Path:  C:\Users\M\AppData\Local\Keil\ARM\ARMCC\Bin
C Compiler:      Armcc.exe V5.06 update 6 (build 750)
Assembler:       Armasm.exe V5.06 update 6 (build 750)
Linker/Locator:  ArmLink.exe V5.06 update 6 (build 750)
Library Manager: ArmAr.exe V5.06 update 6 (build 750)
Hex Converter:   FromElf.exe V5.06 update 6 (build 750)
CPU DLL:         SARMCM3.DLL V5.28.0.0
Dialog DLL:      DCM.DLL V1.17.3.0
Target DLL:      Segger\JL2CM3.dll V2.99.36.0
Dialog DLL:      TCM.DLL V1.36.2.0
 
<h2>Project:</h2>
D:\mFw\mcuFramework_Uart1V0.0\pro\mFw.uvprojx
Project File Date:  02/26/2020

<h2>Output:</h2>
*** Using Compiler 'V5.06 update 6 (build 750)', folder: 'C:\Users\M\AppData\Local\Keil\ARM\ARMCC\Bin'
Rebuild target 'Target 1'
assembling m_thread_switch.S...
assembling startup_stm32f40_41xxx.s...
compiling mConfig.c...
compiling mTask_console.c...
compiling mTask_msgTestS.c...
compiling mTask_msgTestP.c...
compiling mTask_template.c...
compiling misc.c...
compiling system_stm32f4xx.c...
compiling stm32f4xx_it.c...
compiling mUart1Driver.c...
compiling stm32f4xx_usart.c...
compiling main.c...
compiling stm32f4xx_gpio.c...
compiling stm32f4xx_rcc.c...
linking...
Program Size: Code=10088 RO-data=976 RW-data=132 ZI-data=1972  
".\Objects\mFw.axf" - 0 Error(s), 0 Warning(s).

<h2>Software Packages used:</h2>

Package Vendor: Keil
                http://www.keil.com/pack/Keil.STM32F4xx_DFP.1.0.8.pack
                Keil.STM32F4xx_DFP.1.0.8
                STMicroelectronics STM32F4 Series Device Support, Drivers and Examples

<h2>Collection of Component include folders:</h2>
  .\RTE\_Target_1
  C:\Users\M\AppData\Local\Keil\Arm\Packs\Keil\STM32F4xx_DFP\1.0.8\Device\Include

<h2>Collection of Component Files used:</h2>
Build Time Elapsed:  00:00:02
</pre>
</body>
</html>
