Component: ARM Compiler 5.06 update 6 (build 750) Tool: armlink [4d35ed]

==============================================================================

Section Cross References

    system_stm32f4xx.o(i.SystemCoreClockUpdate) refers to system_stm32f4xx.o(.data) for SystemCoreClock
    system_stm32f4xx.o(i.SystemInit) refers to system_stm32f4xx.o(i.SetSysClock) for SetSysClock
    startup_stm32f40_41xxx.o(STACK) refers (Special) to heapauxi.o(.text) for __use_two_region_memory
    startup_stm32f40_41xxx.o(HEAP) refers (Special) to heapauxi.o(.text) for __use_two_region_memory
    startup_stm32f40_41xxx.o(RESET) refers (Special) to heapauxi.o(.text) for __use_two_region_memory
    startup_stm32f40_41xxx.o(RESET) refers to startup_stm32f40_41xxx.o(STACK) for __initial_sp
    startup_stm32f40_41xxx.o(RESET) refers to startup_stm32f40_41xxx.o(.text) for Reset_Handler
    startup_stm32f40_41xxx.o(RESET) refers to stm32f4xx_it.o(i.NMI_Handler) for NMI_Handler
    startup_stm32f40_41xxx.o(RESET) refers to stm32f4xx_it.o(i.HardFault_Handler) for HardFault_Handler
    startup_stm32f40_41xxx.o(RESET) refers to stm32f4xx_it.o(i.MemManage_Handler) for MemManage_Handler
    startup_stm32f40_41xxx.o(RESET) refers to stm32f4xx_it.o(i.BusFault_Handler) for BusFault_Handler
    startup_stm32f40_41xxx.o(RESET) refers to stm32f4xx_it.o(i.UsageFault_Handler) for UsageFault_Handler
    startup_stm32f40_41xxx.o(RESET) refers to stm32f4xx_it.o(i.SVC_Handler) for SVC_Handler
    startup_stm32f40_41xxx.o(RESET) refers to stm32f4xx_it.o(i.DebugMon_Handler) for DebugMon_Handler
    startup_stm32f40_41xxx.o(RESET) refers to mfw.o(i.SysTick_Handler) for SysTick_Handler
    startup_stm32f40_41xxx.o(RESET) refers to uart.o(i.UART4_IRQHandler) for UART4_IRQHandler
    startup_stm32f40_41xxx.o(.text) refers (Special) to heapauxi.o(.text) for __use_two_region_memory
    startup_stm32f40_41xxx.o(.text) refers to system_stm32f4xx.o(i.SystemInit) for SystemInit
    startup_stm32f40_41xxx.o(.text) refers to __main.o(!!!main) for __main
    startup_stm32f40_41xxx.o(.text) refers to startup_stm32f40_41xxx.o(HEAP) for Heap_Mem
    startup_stm32f40_41xxx.o(.text) refers to startup_stm32f40_41xxx.o(STACK) for Stack_Mem
    stm32f4xx_gpio.o(i.GPIO_DeInit) refers to stm32f4xx_rcc.o(i.RCC_AHB1PeriphResetCmd) for RCC_AHB1PeriphResetCmd
    stm32f4xx_rcc.o(i.RCC_GetClocksFreq) refers to stm32f4xx_rcc.o(.data) for APBAHBPrescTable
    stm32f4xx_rcc.o(i.RCC_WaitForHSEStartUp) refers to stm32f4xx_rcc.o(i.RCC_GetFlagStatus) for RCC_GetFlagStatus
    stm32f4xx_usart.o(i.USART_DeInit) refers to stm32f4xx_rcc.o(i.RCC_APB2PeriphResetCmd) for RCC_APB2PeriphResetCmd
    stm32f4xx_usart.o(i.USART_DeInit) refers to stm32f4xx_rcc.o(i.RCC_APB1PeriphResetCmd) for RCC_APB1PeriphResetCmd
    stm32f4xx_usart.o(i.USART_Init) refers to stm32f4xx_rcc.o(i.RCC_GetClocksFreq) for RCC_GetClocksFreq
    uart.o(i.UART4_IRQHandler) refers to stm32f4xx_usart.o(i.USART_GetITStatus) for USART_GetITStatus
    uart.o(i.UART4_IRQHandler) refers to stm32f4xx_usart.o(i.USART_ReceiveData) for USART_ReceiveData
    uart.o(i.UART4_IRQHandler) refers to stm32f4xx_usart.o(i.USART_ClearITPendingBit) for USART_ClearITPendingBit
    uart.o(i.UART4_IRQHandler) refers to uart.o(.data) for _uart4_fifo
    uart.o(i._uart4_init) refers to stm32f4xx_rcc.o(i.RCC_AHB1PeriphClockCmd) for RCC_AHB1PeriphClockCmd
    uart.o(i._uart4_init) refers to stm32f4xx_rcc.o(i.RCC_APB1PeriphClockCmd) for RCC_APB1PeriphClockCmd
    uart.o(i._uart4_init) refers to stm32f4xx_gpio.o(i.GPIO_PinAFConfig) for GPIO_PinAFConfig
    uart.o(i._uart4_init) refers to stm32f4xx_gpio.o(i.GPIO_Init) for GPIO_Init
    uart.o(i._uart4_init) refers to stm32f4xx_usart.o(i.USART_Init) for USART_Init
    uart.o(i._uart4_init) refers to misc.o(i.NVIC_Init) for NVIC_Init
    uart.o(i._uart4_init) refers to stm32f4xx_usart.o(i.USART_Cmd) for USART_Cmd
    uart.o(i._uart4_init) refers to stm32f4xx_usart.o(i.USART_ITConfig) for USART_ITConfig
    uart.o(i._uart4_init) refers to uart.o(.data) for _uart4_fifo
    uart.o(i._uart4_read) refers to uart.o(.data) for _uart4_fifo
    uart.o(i._uart4_send) refers to stm32f4xx_usart.o(i.USART_SendData) for USART_SendData
    uart.o(i._uart4_send) refers to stm32f4xx_usart.o(i.USART_GetFlagStatus) for USART_GetFlagStatus
    uart.o(.data) refers to uart.o(i._uart4_init) for _uart4_init
    uart.o(.data) refers to uart.o(i._uart4_send) for _uart4_send
    uart.o(.data) refers to uart.o(i._uart4_read) for _uart4_read
    main.o(i.main) refers to mfw.o(i._mfwInit) for _mfwInit
    main.o(i.main) refers to mfw.o(i._mfwHandler) for _mfwHandler
    mfw.o(i.SysTick_Handler) refers to mfw.o(i._taskTick) for _taskTick
    mfw.o(i._consoleInit) refers to uart.o(.data) for uart4
    mfw.o(i._consoleInit) refers to mfw.o(.bss) for _consoleBuff
    mfw.o(i._mfwHandler) refers to mfw.o(.data) for _task_readyListHeadNode
    mfw.o(i._mfwInit) refers to mfw.o(i._consoleInit) for _consoleInit
    mfw.o(i._mfwInit) refers to mfw.o(i.list_init) for list_init
    mfw.o(i._mfwInit) refers to test.o(i.testInit) for testInit
    mfw.o(i._mfwInit) refers to mfw.o(.data) for _task_readyListHeadNode
    mfw.o(i._mfwInit) refers to system_stm32f4xx.o(.data) for SystemCoreClock
    mfw.o(i._taskTick) refers to mfw.o(.data) for _task_sleepListHeadNode
    mfw.o(i.fputc) refers to uart.o(.data) for uart4
    test.o(i.testInit) refers to test.o(i.list_init) for list_init
    test.o(i.testInit) refers to test.o(i.list_insertBefore) for list_insertBefore
    test.o(i.testInit) refers to test.o(.bss) for task
    test.o(i.testInit) refers to test.o(i.test_loop) for test_loop
    test.o(i.testInit) refers to mfw.o(.data) for _task_readyListHeadNode
    test.o(i.test_loop) refers to _printf_percent.o(.ARM.Collect$$_printf_percent$$00000000) for _printf_percent
    test.o(i.test_loop) refers to _printf_s.o(.ARM.Collect$$_printf_percent$$00000014) for _printf_s
    test.o(i.test_loop) refers to _printf_str.o(.text) for _printf_str
    test.o(i.test_loop) refers to noretval__2printf.o(.text) for __2printf
    test.o(i.test_loop) refers to mcu.o(.text) for enterCriticality
    test.o(i.test_loop) refers to test.o(i.list_insertBefore) for list_insertBefore
    test.o(i.test_loop) refers to test.o(.constdata) for __FUNCTION__
    test.o(i.test_loop) refers to test.o(.bss) for task
    test.o(i.test_loop) refers to mfw.o(.data) for _task_sleepListHeadNode
    __2printf.o(.text) refers to _printf_char_file.o(.text) for _printf_char_file
    __2printf.o(.text) refers to mfw.o(.data) for __stdout
    noretval__2printf.o(.text) refers to _printf_char_file.o(.text) for _printf_char_file
    noretval__2printf.o(.text) refers to mfw.o(.data) for __stdout
    __printf.o(.text) refers to _printf_percent.o(.ARM.Collect$$_printf_percent$$00000000) for _printf_percent
    _printf_str.o(.text) refers (Special) to _printf_char.o(.text) for _printf_cs_common
    __printf_flags.o(.text) refers to _printf_percent.o(.ARM.Collect$$_printf_percent$$00000000) for _printf_percent
    __printf_flags.o(.text) refers to __printf_flags.o(.constdata) for .constdata
    __printf_ss.o(.text) refers to _printf_percent.o(.ARM.Collect$$_printf_percent$$00000000) for _printf_percent
    __printf_flags_ss.o(.text) refers to _printf_percent.o(.ARM.Collect$$_printf_percent$$00000000) for _printf_percent
    __printf_flags_ss.o(.text) refers to __printf_flags_ss.o(.constdata) for .constdata
    __printf_wp.o(.text) refers to __printf_wp.o(i._is_digit) for _is_digit
    __printf_wp.o(.text) refers to _printf_percent.o(.ARM.Collect$$_printf_percent$$00000000) for _printf_percent
    __printf_flags_wp.o(.text) refers to __printf_wp.o(i._is_digit) for _is_digit
    __printf_flags_wp.o(.text) refers to _printf_percent.o(.ARM.Collect$$_printf_percent$$00000000) for _printf_percent
    __printf_flags_wp.o(.text) refers to __printf_flags_wp.o(.constdata) for .constdata
    __printf_ss_wp.o(.text) refers to __printf_wp.o(i._is_digit) for _is_digit
    __printf_ss_wp.o(.text) refers to _printf_percent.o(.ARM.Collect$$_printf_percent$$00000000) for _printf_percent
    __printf_flags_ss_wp.o(.text) refers to __printf_wp.o(i._is_digit) for _is_digit
    __printf_flags_ss_wp.o(.text) refers to _printf_percent.o(.ARM.Collect$$_printf_percent$$00000000) for _printf_percent
    __printf_flags_ss_wp.o(.text) refers to __printf_flags_ss_wp.o(.constdata) for .constdata
    _printf_s.o(.ARM.Collect$$_printf_percent$$00000014) refers (Weak) to _printf_char.o(.text) for _printf_string
    _printf_percent.o(.ARM.Collect$$_printf_percent$$00000000) refers (Special) to _printf_percent_end.o(.ARM.Collect$$_printf_percent$$00000017) for _printf_percent_end
    __main.o(!!!main) refers to __rtentry.o(.ARM.Collect$$rtentry$$00000000) for __rt_entry
    __rtentry.o(.ARM.Collect$$rtentry$$00000000) refers (Special) to __rtentry2.o(.ARM.Collect$$rtentry$$0000000A) for __rt_entry_li
    __rtentry.o(.ARM.Collect$$rtentry$$00000000) refers (Special) to __rtentry2.o(.ARM.Collect$$rtentry$$0000000D) for __rt_entry_main
    __rtentry.o(.ARM.Collect$$rtentry$$00000000) refers (Special) to __rtentry2.o(.ARM.Collect$$rtentry$$0000000C) for __rt_entry_postli_1
    __rtentry.o(.ARM.Collect$$rtentry$$00000000) refers (Special) to __rtentry2.o(.ARM.Collect$$rtentry$$00000009) for __rt_entry_postsh_1
    __rtentry.o(.ARM.Collect$$rtentry$$00000000) refers (Special) to __rtentry2.o(.ARM.Collect$$rtentry$$00000002) for __rt_entry_presh_1
    __rtentry.o(.ARM.Collect$$rtentry$$00000000) refers (Special) to __rtentry4.o(.ARM.Collect$$rtentry$$00000004) for __rt_entry_sh
    _printf_char.o(.text) refers (Weak) to _printf_str.o(.text) for _printf_str
    _printf_char_file.o(.text) refers to _printf_char_common.o(.text) for _printf_char_common
    _printf_char_file.o(.text) refers to ferror.o(.text) for ferror
    _printf_char_file.o(.text) refers to mfw.o(i.fputc) for fputc
    __rtentry2.o(.ARM.Collect$$rtentry$$00000008) refers to boardinit2.o(.text) for _platform_post_stackheap_init
    __rtentry2.o(.ARM.Collect$$rtentry$$0000000A) refers to libinit.o(.ARM.Collect$$libinit$$00000000) for __rt_lib_init
    __rtentry2.o(.ARM.Collect$$rtentry$$0000000B) refers to boardinit3.o(.text) for _platform_post_lib_init
    __rtentry2.o(.ARM.Collect$$rtentry$$0000000D) refers to main.o(i.main) for main
    __rtentry2.o(.ARM.Collect$$rtentry$$0000000D) refers to exit.o(.text) for exit
    __rtentry2.o(.ARM.exidx) refers to __rtentry2.o(.ARM.Collect$$rtentry$$00000001) for .ARM.Collect$$rtentry$$00000001
    __rtentry2.o(.ARM.exidx) refers to __rtentry2.o(.ARM.Collect$$rtentry$$00000008) for .ARM.Collect$$rtentry$$00000008
    __rtentry2.o(.ARM.exidx) refers to __rtentry2.o(.ARM.Collect$$rtentry$$0000000A) for .ARM.Collect$$rtentry$$0000000A
    __rtentry2.o(.ARM.exidx) refers to __rtentry2.o(.ARM.Collect$$rtentry$$0000000B) for .ARM.Collect$$rtentry$$0000000B
    __rtentry2.o(.ARM.exidx) refers to __rtentry2.o(.ARM.Collect$$rtentry$$0000000D) for .ARM.Collect$$rtentry$$0000000D
    __rtentry4.o(.ARM.Collect$$rtentry$$00000004) refers to sys_stackheap_outer.o(.text) for __user_setup_stackheap
    __rtentry4.o(.ARM.exidx) refers to __rtentry4.o(.ARM.Collect$$rtentry$$00000004) for .ARM.Collect$$rtentry$$00000004
    _printf_char_common.o(.text) refers to __printf.o(.text) for __printf
    sys_stackheap_outer.o(.text) refers to libspace.o(.text) for __user_perproc_libspace
    sys_stackheap_outer.o(.text) refers to startup_stm32f40_41xxx.o(.text) for __user_initial_stackheap
    exit.o(.text) refers to rtexit.o(.ARM.Collect$$rtexit$$00000000) for __rt_exit
    libinit.o(.ARM.Collect$$libinit$$00000000) refers (Special) to libinit2.o(.ARM.Collect$$libinit$$0000002E) for __rt_lib_init_alloca_1
    libinit.o(.ARM.Collect$$libinit$$00000000) refers (Special) to libinit2.o(.ARM.Collect$$libinit$$0000002C) for __rt_lib_init_argv_1
    libinit.o(.ARM.Collect$$libinit$$00000000) refers (Special) to libinit2.o(.ARM.Collect$$libinit$$0000001B) for __rt_lib_init_atexit_1
    libinit.o(.ARM.Collect$$libinit$$00000000) refers (Special) to libinit2.o(.ARM.Collect$$libinit$$00000021) for __rt_lib_init_clock_1
    libinit.o(.ARM.Collect$$libinit$$00000000) refers (Special) to libinit2.o(.ARM.Collect$$libinit$$00000032) for __rt_lib_init_cpp_1
    libinit.o(.ARM.Collect$$libinit$$00000000) refers (Special) to libinit2.o(.ARM.Collect$$libinit$$00000030) for __rt_lib_init_exceptions_1
    libinit.o(.ARM.Collect$$libinit$$00000000) refers (Special) to libinit2.o(.ARM.Collect$$libinit$$00000001) for __rt_lib_init_fp_1
    libinit.o(.ARM.Collect$$libinit$$00000000) refers (Special) to libinit2.o(.ARM.Collect$$libinit$$0000001F) for __rt_lib_init_fp_trap_1
    libinit.o(.ARM.Collect$$libinit$$00000000) refers (Special) to libinit2.o(.ARM.Collect$$libinit$$00000023) for __rt_lib_init_getenv_1
    libinit.o(.ARM.Collect$$libinit$$00000000) refers (Special) to libinit2.o(.ARM.Collect$$libinit$$0000000A) for __rt_lib_init_heap_1
    libinit.o(.ARM.Collect$$libinit$$00000000) refers (Special) to libinit2.o(.ARM.Collect$$libinit$$00000011) for __rt_lib_init_lc_collate_1
    libinit.o(.ARM.Collect$$libinit$$00000000) refers (Special) to libinit2.o(.ARM.Collect$$libinit$$00000013) for __rt_lib_init_lc_ctype_1
    libinit.o(.ARM.Collect$$libinit$$00000000) refers (Special) to libinit2.o(.ARM.Collect$$libinit$$00000015) for __rt_lib_init_lc_monetary_1
    libinit.o(.ARM.Collect$$libinit$$00000000) refers (Special) to libinit2.o(.ARM.Collect$$libinit$$00000017) for __rt_lib_init_lc_numeric_1
    libinit.o(.ARM.Collect$$libinit$$00000000) refers (Special) to libinit2.o(.ARM.Collect$$libinit$$00000019) for __rt_lib_init_lc_time_1
    libinit.o(.ARM.Collect$$libinit$$00000000) refers (Special) to libinit2.o(.ARM.Collect$$libinit$$00000004) for __rt_lib_init_preinit_1
    libinit.o(.ARM.Collect$$libinit$$00000000) refers (Special) to libinit2.o(.ARM.Collect$$libinit$$0000000E) for __rt_lib_init_rand_1
    libinit.o(.ARM.Collect$$libinit$$00000000) refers (Special) to libinit2.o(.ARM.Collect$$libinit$$00000033) for __rt_lib_init_return
    libinit.o(.ARM.Collect$$libinit$$00000000) refers (Special) to libinit2.o(.ARM.Collect$$libinit$$0000001D) for __rt_lib_init_signal_1
    libinit.o(.ARM.Collect$$libinit$$00000000) refers (Special) to libinit2.o(.ARM.Collect$$libinit$$00000025) for __rt_lib_init_stdio_1
    libinit.o(.ARM.Collect$$libinit$$00000000) refers (Special) to libinit2.o(.ARM.Collect$$libinit$$0000000C) for __rt_lib_init_user_alloc_1
    libspace.o(.text) refers to libspace.o(.bss) for __libspace_start
    rtexit.o(.ARM.Collect$$rtexit$$00000000) refers (Special) to rtexit2.o(.ARM.Collect$$rtexit$$00000004) for __rt_exit_exit
    rtexit.o(.ARM.Collect$$rtexit$$00000000) refers (Special) to rtexit2.o(.ARM.Collect$$rtexit$$00000003) for __rt_exit_ls
    rtexit.o(.ARM.Collect$$rtexit$$00000000) refers (Special) to rtexit2.o(.ARM.Collect$$rtexit$$00000002) for __rt_exit_prels_1
    rtexit.o(.ARM.exidx) refers (Special) to rtexit2.o(.ARM.Collect$$rtexit$$00000004) for __rt_exit_exit
    rtexit.o(.ARM.exidx) refers (Special) to rtexit2.o(.ARM.Collect$$rtexit$$00000003) for __rt_exit_ls
    rtexit.o(.ARM.exidx) refers (Special) to rtexit2.o(.ARM.Collect$$rtexit$$00000002) for __rt_exit_prels_1
    rtexit.o(.ARM.exidx) refers to rtexit.o(.ARM.Collect$$rtexit$$00000000) for .ARM.Collect$$rtexit$$00000000
    libinit2.o(.ARM.Collect$$libinit$$00000001) refers to fpinit.o(x$fpl$fpinit) for _fp_init
    libinit2.o(.ARM.Collect$$libinit$$00000010) refers to libinit2.o(.ARM.Collect$$libinit$$0000000F) for .ARM.Collect$$libinit$$0000000F
    libinit2.o(.ARM.Collect$$libinit$$00000012) refers to libinit2.o(.ARM.Collect$$libinit$$0000000F) for .ARM.Collect$$libinit$$0000000F
    libinit2.o(.ARM.Collect$$libinit$$00000014) refers to libinit2.o(.ARM.Collect$$libinit$$0000000F) for .ARM.Collect$$libinit$$0000000F
    libinit2.o(.ARM.Collect$$libinit$$00000016) refers to libinit2.o(.ARM.Collect$$libinit$$0000000F) for .ARM.Collect$$libinit$$0000000F
    libinit2.o(.ARM.Collect$$libinit$$00000018) refers to libinit2.o(.ARM.Collect$$libinit$$0000000F) for .ARM.Collect$$libinit$$0000000F
    libinit2.o(.ARM.Collect$$libinit$$00000026) refers to argv_veneer.o(.emb_text) for __ARM_argv_veneer
    libinit2.o(.ARM.Collect$$libinit$$00000027) refers to argv_veneer.o(.emb_text) for __ARM_argv_veneer
    rtexit2.o(.ARM.Collect$$rtexit$$00000003) refers to libshutdown.o(.ARM.Collect$$libshutdown$$00000000) for __rt_lib_shutdown
    rtexit2.o(.ARM.Collect$$rtexit$$00000004) refers to sys_exit.o(.text) for _sys_exit
    rtexit2.o(.ARM.exidx) refers to rtexit2.o(.ARM.Collect$$rtexit$$00000001) for .ARM.Collect$$rtexit$$00000001
    rtexit2.o(.ARM.exidx) refers to rtexit2.o(.ARM.Collect$$rtexit$$00000003) for .ARM.Collect$$rtexit$$00000003
    rtexit2.o(.ARM.exidx) refers to rtexit2.o(.ARM.Collect$$rtexit$$00000004) for .ARM.Collect$$rtexit$$00000004
    argv_veneer.o(.emb_text) refers to no_argv.o(.text) for __ARM_get_argv
    sys_exit.o(.text) refers (Special) to use_no_semi.o(.text) for __I$use$semihosting
    sys_exit.o(.text) refers (Special) to indicate_semi.o(.text) for __semihosting_library_function
    _get_argv_nomalloc.o(.text) refers (Special) to hrguard.o(.text) for __heap_region$guard
    _get_argv_nomalloc.o(.text) refers to defsig_rtmem_outer.o(.text) for __rt_SIGRTMEM
    _get_argv_nomalloc.o(.text) refers to sys_command.o(.text) for _sys_command_string
    libshutdown.o(.ARM.Collect$$libshutdown$$00000000) refers (Special) to libshutdown2.o(.ARM.Collect$$libshutdown$$00000002) for __rt_lib_shutdown_cpp_1
    libshutdown.o(.ARM.Collect$$libshutdown$$00000000) refers (Special) to libshutdown2.o(.ARM.Collect$$libshutdown$$00000007) for __rt_lib_shutdown_fp_trap_1
    libshutdown.o(.ARM.Collect$$libshutdown$$00000000) refers (Special) to libshutdown2.o(.ARM.Collect$$libshutdown$$0000000F) for __rt_lib_shutdown_heap_1
    libshutdown.o(.ARM.Collect$$libshutdown$$00000000) refers (Special) to libshutdown2.o(.ARM.Collect$$libshutdown$$00000010) for __rt_lib_shutdown_return
    libshutdown.o(.ARM.Collect$$libshutdown$$00000000) refers (Special) to libshutdown2.o(.ARM.Collect$$libshutdown$$0000000A) for __rt_lib_shutdown_signal_1
    libshutdown.o(.ARM.Collect$$libshutdown$$00000000) refers (Special) to libshutdown2.o(.ARM.Collect$$libshutdown$$00000004) for __rt_lib_shutdown_stdio_1
    libshutdown.o(.ARM.Collect$$libshutdown$$00000000) refers (Special) to libshutdown2.o(.ARM.Collect$$libshutdown$$0000000C) for __rt_lib_shutdown_user_alloc_1
    sys_command.o(.text) refers (Special) to use_no_semi.o(.text) for __I$use$semihosting
    sys_command.o(.text) refers (Special) to indicate_semi.o(.text) for __semihosting_library_function
    defsig_rtmem_outer.o(.text) refers to defsig_rtmem_inner.o(.text) for __rt_SIGRTMEM_inner
    defsig_rtmem_outer.o(.text) refers to defsig_exit.o(.text) for __sig_exit
    defsig_rtmem_formal.o(.text) refers to rt_raise.o(.text) for __rt_raise
    rt_raise.o(.text) refers to __raise.o(.text) for __raise
    rt_raise.o(.text) refers to sys_exit.o(.text) for _sys_exit
    defsig_exit.o(.text) refers to sys_exit.o(.text) for _sys_exit
    defsig_rtmem_inner.o(.text) refers to defsig_general.o(.text) for __default_signal_display
    __raise.o(.text) refers to defsig.o(CL$$defsig) for __default_signal_handler
    defsig_general.o(.text) refers to sys_wrch.o(.text) for _ttywrch
    sys_wrch.o(.text) refers (Special) to use_no_semi.o(.text) for __I$use$semihosting
    sys_wrch.o(.text) refers (Special) to indicate_semi.o(.text) for __semihosting_library_function
    defsig.o(CL$$defsig) refers to defsig_rtmem_inner.o(.text) for __rt_SIGRTMEM_inner
    defsig_abrt_inner.o(.text) refers to defsig_general.o(.text) for __default_signal_display
    defsig_fpe_inner.o(.text) refers to defsig_general.o(.text) for __default_signal_display
    defsig_rtred_inner.o(.text) refers to defsig_general.o(.text) for __default_signal_display
    defsig_stak_inner.o(.text) refers to defsig_general.o(.text) for __default_signal_display
    defsig_pvfn_inner.o(.text) refers to defsig_general.o(.text) for __default_signal_display
    defsig_cppl_inner.o(.text) refers to defsig_general.o(.text) for __default_signal_display
    defsig_segv_inner.o(.text) refers to defsig_general.o(.text) for __default_signal_display
    defsig_other.o(.text) refers to defsig_general.o(.text) for __default_signal_display


==============================================================================

Removing Unused input sections from the image.

    Removing stm32f4xx_it.o(.rev16_text), (4 bytes).
    Removing stm32f4xx_it.o(.revsh_text), (4 bytes).
    Removing system_stm32f4xx.o(.rev16_text), (4 bytes).
    Removing system_stm32f4xx.o(.revsh_text), (4 bytes).
    Removing system_stm32f4xx.o(i.SystemCoreClockUpdate), (192 bytes).
    Removing misc.o(.rev16_text), (4 bytes).
    Removing misc.o(.revsh_text), (4 bytes).
    Removing misc.o(i.NVIC_PriorityGroupConfig), (20 bytes).
    Removing misc.o(i.NVIC_SetVectorTable), (20 bytes).
    Removing misc.o(i.NVIC_SystemLPConfig), (32 bytes).
    Removing misc.o(i.SysTick_CLKSourceConfig), (40 bytes).
    Removing stm32f4xx_gpio.o(.rev16_text), (4 bytes).
    Removing stm32f4xx_gpio.o(.revsh_text), (4 bytes).
    Removing stm32f4xx_gpio.o(i.GPIO_DeInit), (312 bytes).
    Removing stm32f4xx_gpio.o(i.GPIO_PinLockConfig), (34 bytes).
    Removing stm32f4xx_gpio.o(i.GPIO_ReadInputData), (8 bytes).
    Removing stm32f4xx_gpio.o(i.GPIO_ReadInputDataBit), (18 bytes).
    Removing stm32f4xx_gpio.o(i.GPIO_ReadOutputData), (8 bytes).
    Removing stm32f4xx_gpio.o(i.GPIO_ReadOutputDataBit), (18 bytes).
    Removing stm32f4xx_gpio.o(i.GPIO_ResetBits), (4 bytes).
    Removing stm32f4xx_gpio.o(i.GPIO_SetBits), (4 bytes).
    Removing stm32f4xx_gpio.o(i.GPIO_StructInit), (18 bytes).
    Removing stm32f4xx_gpio.o(i.GPIO_ToggleBits), (8 bytes).
    Removing stm32f4xx_gpio.o(i.GPIO_Write), (4 bytes).
    Removing stm32f4xx_gpio.o(i.GPIO_WriteBit), (10 bytes).
    Removing stm32f4xx_rcc.o(.rev16_text), (4 bytes).
    Removing stm32f4xx_rcc.o(.revsh_text), (4 bytes).
    Removing stm32f4xx_rcc.o(i.RCC_AHB1PeriphClockLPModeCmd), (32 bytes).
    Removing stm32f4xx_rcc.o(i.RCC_AHB1PeriphResetCmd), (32 bytes).
    Removing stm32f4xx_rcc.o(i.RCC_AHB2PeriphClockCmd), (32 bytes).
    Removing stm32f4xx_rcc.o(i.RCC_AHB2PeriphClockLPModeCmd), (32 bytes).
    Removing stm32f4xx_rcc.o(i.RCC_AHB2PeriphResetCmd), (32 bytes).
    Removing stm32f4xx_rcc.o(i.RCC_AHB3PeriphClockCmd), (32 bytes).
    Removing stm32f4xx_rcc.o(i.RCC_AHB3PeriphClockLPModeCmd), (32 bytes).
    Removing stm32f4xx_rcc.o(i.RCC_AHB3PeriphResetCmd), (32 bytes).
    Removing stm32f4xx_rcc.o(i.RCC_APB1PeriphClockLPModeCmd), (32 bytes).
    Removing stm32f4xx_rcc.o(i.RCC_APB1PeriphResetCmd), (32 bytes).
    Removing stm32f4xx_rcc.o(i.RCC_APB2PeriphClockCmd), (32 bytes).
    Removing stm32f4xx_rcc.o(i.RCC_APB2PeriphClockLPModeCmd), (32 bytes).
    Removing stm32f4xx_rcc.o(i.RCC_APB2PeriphResetCmd), (32 bytes).
    Removing stm32f4xx_rcc.o(i.RCC_AdjustHSICalibrationValue), (24 bytes).
    Removing stm32f4xx_rcc.o(i.RCC_BackupResetCmd), (12 bytes).
    Removing stm32f4xx_rcc.o(i.RCC_ClearFlag), (20 bytes).
    Removing stm32f4xx_rcc.o(i.RCC_ClearITPendingBit), (12 bytes).
    Removing stm32f4xx_rcc.o(i.RCC_ClockSecuritySystemCmd), (12 bytes).
    Removing stm32f4xx_rcc.o(i.RCC_DeInit), (100 bytes).
    Removing stm32f4xx_rcc.o(i.RCC_GetFlagStatus), (64 bytes).
    Removing stm32f4xx_rcc.o(i.RCC_GetITStatus), (24 bytes).
    Removing stm32f4xx_rcc.o(i.RCC_GetSYSCLKSource), (16 bytes).
    Removing stm32f4xx_rcc.o(i.RCC_HCLKConfig), (24 bytes).
    Removing stm32f4xx_rcc.o(i.RCC_HSEConfig), (16 bytes).
    Removing stm32f4xx_rcc.o(i.RCC_HSICmd), (12 bytes).
    Removing stm32f4xx_rcc.o(i.RCC_I2SCLKConfig), (12 bytes).
    Removing stm32f4xx_rcc.o(i.RCC_ITConfig), (32 bytes).
    Removing stm32f4xx_rcc.o(i.RCC_LSEConfig), (44 bytes).
    Removing stm32f4xx_rcc.o(i.RCC_LSEModeConfig), (36 bytes).
    Removing stm32f4xx_rcc.o(i.RCC_LSICmd), (12 bytes).
    Removing stm32f4xx_rcc.o(i.RCC_LTDCCLKDivConfig), (24 bytes).
    Removing stm32f4xx_rcc.o(i.RCC_MCO1Config), (28 bytes).
    Removing stm32f4xx_rcc.o(i.RCC_MCO2Config), (28 bytes).
    Removing stm32f4xx_rcc.o(i.RCC_PCLK1Config), (24 bytes).
    Removing stm32f4xx_rcc.o(i.RCC_PCLK2Config), (24 bytes).
    Removing stm32f4xx_rcc.o(i.RCC_PLLCmd), (12 bytes).
    Removing stm32f4xx_rcc.o(i.RCC_PLLConfig), (36 bytes).
    Removing stm32f4xx_rcc.o(i.RCC_PLLI2SCmd), (12 bytes).
    Removing stm32f4xx_rcc.o(i.RCC_PLLI2SConfig), (16 bytes).
    Removing stm32f4xx_rcc.o(i.RCC_PLLSAICmd), (12 bytes).
    Removing stm32f4xx_rcc.o(i.RCC_PLLSAIConfig), (24 bytes).
    Removing stm32f4xx_rcc.o(i.RCC_RTCCLKCmd), (12 bytes).
    Removing stm32f4xx_rcc.o(i.RCC_RTCCLKConfig), (60 bytes).
    Removing stm32f4xx_rcc.o(i.RCC_SAIBlockACLKConfig), (24 bytes).
    Removing stm32f4xx_rcc.o(i.RCC_SAIBlockBCLKConfig), (24 bytes).
    Removing stm32f4xx_rcc.o(i.RCC_SAIPLLI2SClkDivConfig), (28 bytes).
    Removing stm32f4xx_rcc.o(i.RCC_SAIPLLSAIClkDivConfig), (28 bytes).
    Removing stm32f4xx_rcc.o(i.RCC_SYSCLKConfig), (24 bytes).
    Removing stm32f4xx_rcc.o(i.RCC_TIMCLKPresConfig), (12 bytes).
    Removing stm32f4xx_rcc.o(i.RCC_WaitForHSEStartUp), (56 bytes).
    Removing stm32f4xx_usart.o(.rev16_text), (4 bytes).
    Removing stm32f4xx_usart.o(.revsh_text), (4 bytes).
    Removing stm32f4xx_usart.o(i.USART_ClearFlag), (18 bytes).
    Removing stm32f4xx_usart.o(i.USART_ClockInit), (32 bytes).
    Removing stm32f4xx_usart.o(i.USART_ClockStructInit), (12 bytes).
    Removing stm32f4xx_usart.o(i.USART_DMACmd), (18 bytes).
    Removing stm32f4xx_usart.o(i.USART_DeInit), (240 bytes).
    Removing stm32f4xx_usart.o(i.USART_HalfDuplexCmd), (24 bytes).
    Removing stm32f4xx_usart.o(i.USART_IrDACmd), (24 bytes).
    Removing stm32f4xx_usart.o(i.USART_IrDAConfig), (18 bytes).
    Removing stm32f4xx_usart.o(i.USART_LINBreakDetectLengthConfig), (18 bytes).
    Removing stm32f4xx_usart.o(i.USART_LINCmd), (24 bytes).
    Removing stm32f4xx_usart.o(i.USART_OneBitMethodCmd), (24 bytes).
    Removing stm32f4xx_usart.o(i.USART_OverSampling8Cmd), (22 bytes).
    Removing stm32f4xx_usart.o(i.USART_ReceiverWakeUpCmd), (24 bytes).
    Removing stm32f4xx_usart.o(i.USART_SendBreak), (10 bytes).
    Removing stm32f4xx_usart.o(i.USART_SetAddress), (18 bytes).
    Removing stm32f4xx_usart.o(i.USART_SetGuardTime), (16 bytes).
    Removing stm32f4xx_usart.o(i.USART_SetPrescaler), (16 bytes).
    Removing stm32f4xx_usart.o(i.USART_SmartCardCmd), (24 bytes).
    Removing stm32f4xx_usart.o(i.USART_SmartCardNACKCmd), (24 bytes).
    Removing stm32f4xx_usart.o(i.USART_StructInit), (24 bytes).
    Removing stm32f4xx_usart.o(i.USART_WakeUpConfig), (18 bytes).
    Removing uart.o(.rev16_text), (4 bytes).
    Removing uart.o(.revsh_text), (4 bytes).
    Removing mfw.o(.rev16_text), (4 bytes).
    Removing mfw.o(.revsh_text), (4 bytes).

104 unused section(s) (total 2858 bytes) removed from the image.

==============================================================================

Image Symbol Table

    Local Symbols

    Symbol Name                              Value     Ov Type        Size  Object(Section)

    ../clib/angel/boardlib.s                 0x00000000   Number         0  boardshut.o ABSOLUTE
    ../clib/angel/boardlib.s                 0x00000000   Number         0  boardinit2.o ABSOLUTE
    ../clib/angel/boardlib.s                 0x00000000   Number         0  boardinit1.o ABSOLUTE
    ../clib/angel/boardlib.s                 0x00000000   Number         0  boardinit3.o ABSOLUTE
    ../clib/angel/handlers.s                 0x00000000   Number         0  __scatter_zi.o ABSOLUTE
    ../clib/angel/handlers.s                 0x00000000   Number         0  __scatter_copy.o ABSOLUTE
    ../clib/angel/kernel.s                   0x00000000   Number         0  rtexit.o ABSOLUTE
    ../clib/angel/kernel.s                   0x00000000   Number         0  __rtentry4.o ABSOLUTE
    ../clib/angel/kernel.s                   0x00000000   Number         0  __rtentry.o ABSOLUTE
    ../clib/angel/kernel.s                   0x00000000   Number         0  __rtentry2.o ABSOLUTE
    ../clib/angel/kernel.s                   0x00000000   Number         0  rtexit2.o ABSOLUTE
    ../clib/angel/rt.s                       0x00000000   Number         0  rt_raise.o ABSOLUTE
    ../clib/angel/scatter.s                  0x00000000   Number         0  __scatter.o ABSOLUTE
    ../clib/angel/startup.s                  0x00000000   Number         0  __main.o ABSOLUTE
    ../clib/angel/sys.s                      0x00000000   Number         0  indicate_semi.o ABSOLUTE
    ../clib/angel/sys.s                      0x00000000   Number         0  use_no_semi.o ABSOLUTE
    ../clib/angel/sys.s                      0x00000000   Number         0  libspace.o ABSOLUTE
    ../clib/angel/sys.s                      0x00000000   Number         0  sys_stackheap_outer.o ABSOLUTE
    ../clib/angel/sysapp.c                   0x00000000   Number         0  sys_command.o ABSOLUTE
    ../clib/angel/sysapp.c                   0x00000000   Number         0  sys_wrch.o ABSOLUTE
    ../clib/angel/sysapp.c                   0x00000000   Number         0  sys_exit.o ABSOLUTE
    ../clib/armsys.c                         0x00000000   Number         0  no_argv.o ABSOLUTE
    ../clib/armsys.c                         0x00000000   Number         0  argv_veneer.o ABSOLUTE
    ../clib/armsys.c                         0x00000000   Number         0  _get_argv_nomalloc.o ABSOLUTE
    ../clib/armsys.c                         0x00000000   Number         0  argv_veneer.o ABSOLUTE
    ../clib/heapalloc.c                      0x00000000   Number         0  hrguard.o ABSOLUTE
    ../clib/heapaux.c                        0x00000000   Number         0  heapauxi.o ABSOLUTE
    ../clib/libinit.s                        0x00000000   Number         0  libinit2.o ABSOLUTE
    ../clib/libinit.s                        0x00000000   Number         0  libshutdown.o ABSOLUTE
    ../clib/libinit.s                        0x00000000   Number         0  libshutdown2.o ABSOLUTE
    ../clib/libinit.s                        0x00000000   Number         0  libinit.o ABSOLUTE
    ../clib/printf.c                         0x00000000   Number         0  __printf_ss_wp.o ABSOLUTE
    ../clib/printf.c                         0x00000000   Number         0  __printf_flags_wp.o ABSOLUTE
    ../clib/printf.c                         0x00000000   Number         0  _printf_char.o ABSOLUTE
    ../clib/printf.c                         0x00000000   Number         0  __printf_wp.o ABSOLUTE
    ../clib/printf.c                         0x00000000   Number         0  __2printf.o ABSOLUTE
    ../clib/printf.c                         0x00000000   Number         0  __printf_flags.o ABSOLUTE
    ../clib/printf.c                         0x00000000   Number         0  __printf_flags_ss_wp.o ABSOLUTE
    ../clib/printf.c                         0x00000000   Number         0  __printf_flags_ss.o ABSOLUTE
    ../clib/printf.c                         0x00000000   Number         0  __printf_ss.o ABSOLUTE
    ../clib/printf.c                         0x00000000   Number         0  __printf_nopercent.o ABSOLUTE
    ../clib/printf.c                         0x00000000   Number         0  _printf_char_common.o ABSOLUTE
    ../clib/printf.c                         0x00000000   Number         0  __printf.o ABSOLUTE
    ../clib/printf.c                         0x00000000   Number         0  _printf_str.o ABSOLUTE
    ../clib/printf.c                         0x00000000   Number         0  noretval__2printf.o ABSOLUTE
    ../clib/printf.c                         0x00000000   Number         0  _printf_char_file.o ABSOLUTE
    ../clib/printf_percent.s                 0x00000000   Number         0  _printf_percent_end.o ABSOLUTE
    ../clib/printf_percent.s                 0x00000000   Number         0  _printf_s.o ABSOLUTE
    ../clib/printf_percent.s                 0x00000000   Number         0  _printf_percent.o ABSOLUTE
    ../clib/signal.c                         0x00000000   Number         0  defsig_exit.o ABSOLUTE
    ../clib/signal.c                         0x00000000   Number         0  defsig_rtmem_inner.o ABSOLUTE
    ../clib/signal.c                         0x00000000   Number         0  __raise.o ABSOLUTE
    ../clib/signal.c                         0x00000000   Number         0  defsig_general.o ABSOLUTE
    ../clib/signal.c                         0x00000000   Number         0  defsig_abrt_inner.o ABSOLUTE
    ../clib/signal.c                         0x00000000   Number         0  defsig_fpe_inner.o ABSOLUTE
    ../clib/signal.c                         0x00000000   Number         0  defsig_rtred_inner.o ABSOLUTE
    ../clib/signal.c                         0x00000000   Number         0  defsig_stak_inner.o ABSOLUTE
    ../clib/signal.c                         0x00000000   Number         0  defsig_pvfn_inner.o ABSOLUTE
    ../clib/signal.c                         0x00000000   Number         0  defsig_rtmem_formal.o ABSOLUTE
    ../clib/signal.c                         0x00000000   Number         0  defsig_cppl_inner.o ABSOLUTE
    ../clib/signal.c                         0x00000000   Number         0  defsig_segv_inner.o ABSOLUTE
    ../clib/signal.c                         0x00000000   Number         0  defsig_other.o ABSOLUTE
    ../clib/signal.c                         0x00000000   Number         0  defsig_rtmem_outer.o ABSOLUTE
    ../clib/signal.s                         0x00000000   Number         0  defsig.o ABSOLUTE
    ../clib/stdio.c                          0x00000000   Number         0  ferror_locked.o ABSOLUTE
    ../clib/stdio.c                          0x00000000   Number         0  ferror.o ABSOLUTE
    ../clib/stdlib.c                         0x00000000   Number         0  exit.o ABSOLUTE
    ../fplib/fpinit.s                        0x00000000   Number         0  fpinit.o ABSOLUTE
    ..\\hardwareDriver\\mcu\\ST\\stlib\\src\\misc.c 0x00000000   Number         0  misc.o ABSOLUTE
    ..\\hardwareDriver\\mcu\\ST\\stlib\\src\\stm32f4xx_gpio.c 0x00000000   Number         0  stm32f4xx_gpio.o ABSOLUTE
    ..\\hardwareDriver\\mcu\\ST\\stlib\\src\\stm32f4xx_rcc.c 0x00000000   Number         0  stm32f4xx_rcc.o ABSOLUTE
    ..\\hardwareDriver\\mcu\\ST\\stlib\\src\\stm32f4xx_usart.c 0x00000000   Number         0  stm32f4xx_usart.o ABSOLUTE
    ..\\hardwareDriver\\mcu\\ST\\stm32f4xx_it.c 0x00000000   Number         0  stm32f4xx_it.o ABSOLUTE
    ..\\hardwareDriver\\mcu\\ST\\system_stm32f4xx.c 0x00000000   Number         0  system_stm32f4xx.o ABSOLUTE
    ..\\hardwareDriver\\mcu\\uart.c          0x00000000   Number         0  uart.o ABSOLUTE
    ..\\mfw\\mfw.c                           0x00000000   Number         0  mfw.o ABSOLUTE
    ..\app\test.c                            0x00000000   Number         0  test.o ABSOLUTE
    ..\hardwareDriver\mcu\ST\startup_stm32f40_41xxx.s 0x00000000   Number         0  startup_stm32f40_41xxx.o ABSOLUTE
    ..\hardwareDriver\mcu\ST\stlib\src\misc.c 0x00000000   Number         0  misc.o ABSOLUTE
    ..\hardwareDriver\mcu\ST\stlib\src\stm32f4xx_gpio.c 0x00000000   Number         0  stm32f4xx_gpio.o ABSOLUTE
    ..\hardwareDriver\mcu\ST\stlib\src\stm32f4xx_rcc.c 0x00000000   Number         0  stm32f4xx_rcc.o ABSOLUTE
    ..\hardwareDriver\mcu\ST\stlib\src\stm32f4xx_usart.c 0x00000000   Number         0  stm32f4xx_usart.o ABSOLUTE
    ..\hardwareDriver\mcu\ST\stm32f4xx_it.c  0x00000000   Number         0  stm32f4xx_it.o ABSOLUTE
    ..\hardwareDriver\mcu\ST\system_stm32f4xx.c 0x00000000   Number         0  system_stm32f4xx.o ABSOLUTE
    ..\hardwareDriver\mcu\mcu.S              0x00000000   Number         0  mcu.o ABSOLUTE
    ..\hardwareDriver\mcu\uart.c             0x00000000   Number         0  uart.o ABSOLUTE
    ..\mfw\main.c                            0x00000000   Number         0  main.o ABSOLUTE
    ..\mfw\mfw.c                             0x00000000   Number         0  mfw.o ABSOLUTE
    dc.s                                     0x00000000   Number         0  dc.o ABSOLUTE
    RESET                                    0x08000000   Section      392  startup_stm32f40_41xxx.o(RESET)
    !!!main                                  0x08000188   Section        8  __main.o(!!!main)
    !!!scatter                               0x08000190   Section       52  __scatter.o(!!!scatter)
    !!handler_copy                           0x080001c4   Section       26  __scatter_copy.o(!!handler_copy)
    !!handler_zi                             0x080001e0   Section       28  __scatter_zi.o(!!handler_zi)
    .ARM.Collect$$_printf_percent$$00000000  0x080001fc   Section        0  _printf_percent.o(.ARM.Collect$$_printf_percent$$00000000)
    .ARM.Collect$$_printf_percent$$00000014  0x080001fc   Section        6  _printf_s.o(.ARM.Collect$$_printf_percent$$00000014)
    .ARM.Collect$$_printf_percent$$00000017  0x08000202   Section        4  _printf_percent_end.o(.ARM.Collect$$_printf_percent$$00000017)
    .ARM.Collect$$libinit$$00000000          0x08000206   Section        2  libinit.o(.ARM.Collect$$libinit$$00000000)
    .ARM.Collect$$libinit$$00000001          0x08000208   Section        4  libinit2.o(.ARM.Collect$$libinit$$00000001)
    .ARM.Collect$$libinit$$00000004          0x0800020c   Section        0  libinit2.o(.ARM.Collect$$libinit$$00000004)
    .ARM.Collect$$libinit$$0000000A          0x0800020c   Section        0  libinit2.o(.ARM.Collect$$libinit$$0000000A)
    .ARM.Collect$$libinit$$0000000C          0x0800020c   Section        0  libinit2.o(.ARM.Collect$$libinit$$0000000C)
    .ARM.Collect$$libinit$$0000000E          0x0800020c   Section        0  libinit2.o(.ARM.Collect$$libinit$$0000000E)
    .ARM.Collect$$libinit$$00000011          0x0800020c   Section        0  libinit2.o(.ARM.Collect$$libinit$$00000011)
    .ARM.Collect$$libinit$$00000013          0x0800020c   Section        0  libinit2.o(.ARM.Collect$$libinit$$00000013)
    .ARM.Collect$$libinit$$00000015          0x0800020c   Section        0  libinit2.o(.ARM.Collect$$libinit$$00000015)
    .ARM.Collect$$libinit$$00000017          0x0800020c   Section        0  libinit2.o(.ARM.Collect$$libinit$$00000017)
    .ARM.Collect$$libinit$$00000019          0x0800020c   Section        0  libinit2.o(.ARM.Collect$$libinit$$00000019)
    .ARM.Collect$$libinit$$0000001B          0x0800020c   Section        0  libinit2.o(.ARM.Collect$$libinit$$0000001B)
    .ARM.Collect$$libinit$$0000001D          0x0800020c   Section        0  libinit2.o(.ARM.Collect$$libinit$$0000001D)
    .ARM.Collect$$libinit$$0000001F          0x0800020c   Section        0  libinit2.o(.ARM.Collect$$libinit$$0000001F)
    .ARM.Collect$$libinit$$00000021          0x0800020c   Section        0  libinit2.o(.ARM.Collect$$libinit$$00000021)
    .ARM.Collect$$libinit$$00000023          0x0800020c   Section        0  libinit2.o(.ARM.Collect$$libinit$$00000023)
    .ARM.Collect$$libinit$$00000025          0x0800020c   Section        0  libinit2.o(.ARM.Collect$$libinit$$00000025)
    .ARM.Collect$$libinit$$0000002C          0x0800020c   Section        0  libinit2.o(.ARM.Collect$$libinit$$0000002C)
    .ARM.Collect$$libinit$$0000002E          0x0800020c   Section        0  libinit2.o(.ARM.Collect$$libinit$$0000002E)
    .ARM.Collect$$libinit$$00000030          0x0800020c   Section        0  libinit2.o(.ARM.Collect$$libinit$$00000030)
    .ARM.Collect$$libinit$$00000032          0x0800020c   Section        0  libinit2.o(.ARM.Collect$$libinit$$00000032)
    .ARM.Collect$$libinit$$00000033          0x0800020c   Section        2  libinit2.o(.ARM.Collect$$libinit$$00000033)
    .ARM.Collect$$libshutdown$$00000000      0x0800020e   Section        2  libshutdown.o(.ARM.Collect$$libshutdown$$00000000)
    .ARM.Collect$$libshutdown$$00000002      0x08000210   Section        0  libshutdown2.o(.ARM.Collect$$libshutdown$$00000002)
    .ARM.Collect$$libshutdown$$00000004      0x08000210   Section        0  libshutdown2.o(.ARM.Collect$$libshutdown$$00000004)
    .ARM.Collect$$libshutdown$$00000007      0x08000210   Section        0  libshutdown2.o(.ARM.Collect$$libshutdown$$00000007)
    .ARM.Collect$$libshutdown$$0000000A      0x08000210   Section        0  libshutdown2.o(.ARM.Collect$$libshutdown$$0000000A)
    .ARM.Collect$$libshutdown$$0000000C      0x08000210   Section        0  libshutdown2.o(.ARM.Collect$$libshutdown$$0000000C)
    .ARM.Collect$$libshutdown$$0000000F      0x08000210   Section        0  libshutdown2.o(.ARM.Collect$$libshutdown$$0000000F)
    .ARM.Collect$$libshutdown$$00000010      0x08000210   Section        2  libshutdown2.o(.ARM.Collect$$libshutdown$$00000010)
    .ARM.Collect$$rtentry$$00000000          0x08000212   Section        0  __rtentry.o(.ARM.Collect$$rtentry$$00000000)
    .ARM.Collect$$rtentry$$00000002          0x08000212   Section        0  __rtentry2.o(.ARM.Collect$$rtentry$$00000002)
    .ARM.Collect$$rtentry$$00000004          0x08000212   Section        6  __rtentry4.o(.ARM.Collect$$rtentry$$00000004)
    .ARM.Collect$$rtentry$$00000009          0x08000218   Section        0  __rtentry2.o(.ARM.Collect$$rtentry$$00000009)
    .ARM.Collect$$rtentry$$0000000A          0x08000218   Section        4  __rtentry2.o(.ARM.Collect$$rtentry$$0000000A)
    .ARM.Collect$$rtentry$$0000000C          0x0800021c   Section        0  __rtentry2.o(.ARM.Collect$$rtentry$$0000000C)
    .ARM.Collect$$rtentry$$0000000D          0x0800021c   Section        8  __rtentry2.o(.ARM.Collect$$rtentry$$0000000D)
    .ARM.Collect$$rtexit$$00000000           0x08000224   Section        2  rtexit.o(.ARM.Collect$$rtexit$$00000000)
    .ARM.Collect$$rtexit$$00000002           0x08000226   Section        0  rtexit2.o(.ARM.Collect$$rtexit$$00000002)
    .ARM.Collect$$rtexit$$00000003           0x08000226   Section        4  rtexit2.o(.ARM.Collect$$rtexit$$00000003)
    .ARM.Collect$$rtexit$$00000004           0x0800022a   Section        6  rtexit2.o(.ARM.Collect$$rtexit$$00000004)
    .text                                    0x08000230   Section       64  startup_stm32f40_41xxx.o(.text)
    $v0                                      0x08000230   Number         0  startup_stm32f40_41xxx.o(.text)
    .text                                    0x08000270   Section       16  mcu.o(.text)
    $v0                                      0x08000270   Number         0  mcu.o(.text)
    .text                                    0x08000280   Section        0  noretval__2printf.o(.text)
    .text                                    0x08000298   Section        0  __printf.o(.text)
    .text                                    0x08000300   Section        0  _printf_str.o(.text)
    .text                                    0x08000352   Section        0  heapauxi.o(.text)
    .text                                    0x08000358   Section        0  _printf_char.o(.text)
    .text                                    0x08000384   Section        0  _printf_char_file.o(.text)
    .text                                    0x080003a8   Section        0  _printf_char_common.o(.text)
    _printf_input_char                       0x080003a9   Thumb Code    10  _printf_char_common.o(.text)
    .text                                    0x080003d8   Section        0  ferror.o(.text)
    .text                                    0x080003e0   Section       74  sys_stackheap_outer.o(.text)
    .text                                    0x0800042a   Section        0  exit.o(.text)
    .text                                    0x0800043c   Section        8  libspace.o(.text)
    .text                                    0x08000444   Section        0  sys_exit.o(.text)
    .text                                    0x08000450   Section        2  use_no_semi.o(.text)
    .text                                    0x08000452   Section        0  indicate_semi.o(.text)
    i.BusFault_Handler                       0x08000452   Section        0  stm32f4xx_it.o(i.BusFault_Handler)
    i.DebugMon_Handler                       0x08000456   Section        0  stm32f4xx_it.o(i.DebugMon_Handler)
    i.GPIO_Init                              0x08000458   Section        0  stm32f4xx_gpio.o(i.GPIO_Init)
    i.GPIO_PinAFConfig                       0x080004e8   Section        0  stm32f4xx_gpio.o(i.GPIO_PinAFConfig)
    i.HardFault_Handler                      0x0800052e   Section        0  stm32f4xx_it.o(i.HardFault_Handler)
    i.MemManage_Handler                      0x08000532   Section        0  stm32f4xx_it.o(i.MemManage_Handler)
    i.NMI_Handler                            0x08000536   Section        0  stm32f4xx_it.o(i.NMI_Handler)
    i.NVIC_Init                              0x08000538   Section        0  misc.o(i.NVIC_Init)
    i.RCC_AHB1PeriphClockCmd                 0x080005b0   Section        0  stm32f4xx_rcc.o(i.RCC_AHB1PeriphClockCmd)
    i.RCC_APB1PeriphClockCmd                 0x080005d0   Section        0  stm32f4xx_rcc.o(i.RCC_APB1PeriphClockCmd)
    i.RCC_GetClocksFreq                      0x080005f0   Section        0  stm32f4xx_rcc.o(i.RCC_GetClocksFreq)
    i.SVC_Handler                            0x080006d8   Section        0  stm32f4xx_it.o(i.SVC_Handler)
    i.SetSysClock                            0x080006dc   Section        0  system_stm32f4xx.o(i.SetSysClock)
    SetSysClock                              0x080006dd   Thumb Code   220  system_stm32f4xx.o(i.SetSysClock)
    i.SysTick_Handler                        0x080007c8   Section        0  mfw.o(i.SysTick_Handler)
    i.SystemInit                             0x080007d0   Section        0  system_stm32f4xx.o(i.SystemInit)
    i.UART4_IRQHandler                       0x08000838   Section        0  uart.o(i.UART4_IRQHandler)
    i.USART_ClearITPendingBit                0x080008a8   Section        0  stm32f4xx_usart.o(i.USART_ClearITPendingBit)
    i.USART_Cmd                              0x080008c6   Section        0  stm32f4xx_usart.o(i.USART_Cmd)
    i.USART_GetFlagStatus                    0x080008de   Section        0  stm32f4xx_usart.o(i.USART_GetFlagStatus)
    i.USART_GetITStatus                      0x080008f8   Section        0  stm32f4xx_usart.o(i.USART_GetITStatus)
    i.USART_ITConfig                         0x0800094c   Section        0  stm32f4xx_usart.o(i.USART_ITConfig)
    i.USART_Init                             0x08000998   Section        0  stm32f4xx_usart.o(i.USART_Init)
    i.USART_ReceiveData                      0x08000a6c   Section        0  stm32f4xx_usart.o(i.USART_ReceiveData)
    i.USART_SendData                         0x08000a76   Section        0  stm32f4xx_usart.o(i.USART_SendData)
    i.UsageFault_Handler                     0x08000a7e   Section        0  stm32f4xx_it.o(i.UsageFault_Handler)
    i._consoleInit                           0x08000a84   Section        0  mfw.o(i._consoleInit)
    i._mfwHandler                            0x08000a9c   Section        0  mfw.o(i._mfwHandler)
    i._mfwInit                               0x08000acc   Section        0  mfw.o(i._mfwInit)
    i._taskTick                              0x08000b50   Section        0  mfw.o(i._taskTick)
    _taskTick                                0x08000b51   Thumb Code    60  mfw.o(i._taskTick)
    i._uart4_init                            0x08000b90   Section        0  uart.o(i._uart4_init)
    i._uart4_read                            0x08000c54   Section        0  uart.o(i._uart4_read)
    i._uart4_send                            0x08000c94   Section        0  uart.o(i._uart4_send)
    i.fputc                                  0x08000cc8   Section        0  mfw.o(i.fputc)
    i.list_init                              0x08000ce0   Section        0  mfw.o(i.list_init)
    list_init                                0x08000ce1   Thumb Code     6  mfw.o(i.list_init)
    i.list_init                              0x08000ce6   Section        0  test.o(i.list_init)
    list_init                                0x08000ce7   Thumb Code     6  test.o(i.list_init)
    i.list_insertBefore                      0x08000cec   Section        0  test.o(i.list_insertBefore)
    list_insertBefore                        0x08000ced   Thumb Code    14  test.o(i.list_insertBefore)
    i.main                                   0x08000cfa   Section        0  main.o(i.main)
    i.testInit                               0x08000d08   Section        0  test.o(i.testInit)
    i.test_loop                              0x08000d44   Section        0  test.o(i.test_loop)
    x$fpl$fpinit                             0x08000d90   Section       10  fpinit.o(x$fpl$fpinit)
    $v0                                      0x08000d90   Number         0  fpinit.o(x$fpl$fpinit)
    .constdata                               0x08000d9a   Section       10  test.o(.constdata)
    __FUNCTION__                             0x08000d9a   Data          10  test.o(.constdata)
    .data                                    0x20000000   Section       20  system_stm32f4xx.o(.data)
    .data                                    0x20000014   Section       16  stm32f4xx_rcc.o(.data)
    APBAHBPrescTable                         0x20000014   Data          16  stm32f4xx_rcc.o(.data)
    .data                                    0x20000024   Section       20  uart.o(.data)
    .data                                    0x20000038   Section       20  mfw.o(.data)
    .bss                                     0x2000004c   Section       64  mfw.o(.bss)
    .bss                                     0x2000008c   Section       28  test.o(.bss)
    .bss                                     0x200000a8   Section       96  libspace.o(.bss)
    HEAP                                     0x20000108   Section      512  startup_stm32f40_41xxx.o(HEAP)
    Heap_Mem                                 0x20000108   Data         512  startup_stm32f40_41xxx.o(HEAP)
    STACK                                    0x20000308   Section     1024  startup_stm32f40_41xxx.o(STACK)
    Stack_Mem                                0x20000308   Data        1024  startup_stm32f40_41xxx.o(STACK)
    __initial_sp                             0x20000708   Data           0  startup_stm32f40_41xxx.o(STACK)

    Global Symbols

    Symbol Name                              Value     Ov Type        Size  Object(Section)

    BuildAttributes$$THM_ISAv4$E$P$D$K$B$S$7EM$VFPi3$EXTD16$VFPS$VFMA$PE$A:L22UL41UL21$X:L11$S22US41US21$IEEE1$IW$USESV6$~STKCKD$USESV7$~SHL$OSPACE$ROPI$EBA8$UX$STANDARDLIB$REQ8$PRES8$EABIv2 0x00000000   Number         0  anon$$obj.o ABSOLUTE
    __ARM_use_no_argv                        0x00000000   Number         0  main.o ABSOLUTE
    __ARM_exceptions_init                     - Undefined Weak Reference
    __alloca_initialize                       - Undefined Weak Reference
    __arm_preinit_                            - Undefined Weak Reference
    __cpp_initialize__aeabi_                  - Undefined Weak Reference
    __cxa_finalize                            - Undefined Weak Reference
    __rt_locale                               - Undefined Weak Reference
    __sigvec_lookup                           - Undefined Weak Reference
    _atexit_init                              - Undefined Weak Reference
    _call_atexit_fns                          - Undefined Weak Reference
    _clock_init                               - Undefined Weak Reference
    _fp_trap_init                             - Undefined Weak Reference
    _fp_trap_shutdown                         - Undefined Weak Reference
    _get_lc_collate                           - Undefined Weak Reference
    _get_lc_ctype                             - Undefined Weak Reference
    _get_lc_monetary                          - Undefined Weak Reference
    _get_lc_numeric                           - Undefined Weak Reference
    _get_lc_time                              - Undefined Weak Reference
    _getenv_init                              - Undefined Weak Reference
    _handle_redirection                       - Undefined Weak Reference
    _init_alloc                               - Undefined Weak Reference
    _init_user_alloc                          - Undefined Weak Reference
    _initio                                   - Undefined Weak Reference
    _mutex_acquire                            - Undefined Weak Reference
    _mutex_release                            - Undefined Weak Reference
    _printf_mbtowc                            - Undefined Weak Reference
    _printf_post_padding                      - Undefined Weak Reference
    _printf_pre_padding                       - Undefined Weak Reference
    _rand_init                                - Undefined Weak Reference
    _signal_finish                            - Undefined Weak Reference
    _signal_init                              - Undefined Weak Reference
    _terminate_alloc                          - Undefined Weak Reference
    _terminate_user_alloc                     - Undefined Weak Reference
    _terminateio                              - Undefined Weak Reference
    __Vectors_Size                           0x00000188   Number         0  startup_stm32f40_41xxx.o ABSOLUTE
    __Vectors                                0x08000000   Data           4  startup_stm32f40_41xxx.o(RESET)
    __Vectors_End                            0x08000188   Data           0  startup_stm32f40_41xxx.o(RESET)
    __main                                   0x08000189   Thumb Code     8  __main.o(!!!main)
    __scatterload                            0x08000191   Thumb Code     0  __scatter.o(!!!scatter)
    __scatterload_rt2                        0x08000191   Thumb Code    44  __scatter.o(!!!scatter)
    __scatterload_rt2_thumb_only             0x08000191   Thumb Code     0  __scatter.o(!!!scatter)
    __scatterload_null                       0x0800019f   Thumb Code     0  __scatter.o(!!!scatter)
    __scatterload_copy                       0x080001c5   Thumb Code    26  __scatter_copy.o(!!handler_copy)
    __scatterload_zeroinit                   0x080001e1   Thumb Code    28  __scatter_zi.o(!!handler_zi)
    _printf_percent                          0x080001fd   Thumb Code     0  _printf_percent.o(.ARM.Collect$$_printf_percent$$00000000)
    _printf_s                                0x080001fd   Thumb Code     0  _printf_s.o(.ARM.Collect$$_printf_percent$$00000014)
    _printf_percent_end                      0x08000203   Thumb Code     0  _printf_percent_end.o(.ARM.Collect$$_printf_percent$$00000017)
    __rt_lib_init                            0x08000207   Thumb Code     0  libinit.o(.ARM.Collect$$libinit$$00000000)
    __rt_lib_init_fp_1                       0x08000209   Thumb Code     0  libinit2.o(.ARM.Collect$$libinit$$00000001)
    __rt_lib_init_alloca_1                   0x0800020d   Thumb Code     0  libinit2.o(.ARM.Collect$$libinit$$0000002E)
    __rt_lib_init_argv_1                     0x0800020d   Thumb Code     0  libinit2.o(.ARM.Collect$$libinit$$0000002C)
    __rt_lib_init_atexit_1                   0x0800020d   Thumb Code     0  libinit2.o(.ARM.Collect$$libinit$$0000001B)
    __rt_lib_init_clock_1                    0x0800020d   Thumb Code     0  libinit2.o(.ARM.Collect$$libinit$$00000021)
    __rt_lib_init_cpp_1                      0x0800020d   Thumb Code     0  libinit2.o(.ARM.Collect$$libinit$$00000032)
    __rt_lib_init_exceptions_1               0x0800020d   Thumb Code     0  libinit2.o(.ARM.Collect$$libinit$$00000030)
    __rt_lib_init_fp_trap_1                  0x0800020d   Thumb Code     0  libinit2.o(.ARM.Collect$$libinit$$0000001F)
    __rt_lib_init_getenv_1                   0x0800020d   Thumb Code     0  libinit2.o(.ARM.Collect$$libinit$$00000023)
    __rt_lib_init_heap_1                     0x0800020d   Thumb Code     0  libinit2.o(.ARM.Collect$$libinit$$0000000A)
    __rt_lib_init_lc_collate_1               0x0800020d   Thumb Code     0  libinit2.o(.ARM.Collect$$libinit$$00000011)
    __rt_lib_init_lc_ctype_1                 0x0800020d   Thumb Code     0  libinit2.o(.ARM.Collect$$libinit$$00000013)
    __rt_lib_init_lc_monetary_1              0x0800020d   Thumb Code     0  libinit2.o(.ARM.Collect$$libinit$$00000015)
    __rt_lib_init_lc_numeric_1               0x0800020d   Thumb Code     0  libinit2.o(.ARM.Collect$$libinit$$00000017)
    __rt_lib_init_lc_time_1                  0x0800020d   Thumb Code     0  libinit2.o(.ARM.Collect$$libinit$$00000019)
    __rt_lib_init_preinit_1                  0x0800020d   Thumb Code     0  libinit2.o(.ARM.Collect$$libinit$$00000004)
    __rt_lib_init_rand_1                     0x0800020d   Thumb Code     0  libinit2.o(.ARM.Collect$$libinit$$0000000E)
    __rt_lib_init_return                     0x0800020d   Thumb Code     0  libinit2.o(.ARM.Collect$$libinit$$00000033)
    __rt_lib_init_signal_1                   0x0800020d   Thumb Code     0  libinit2.o(.ARM.Collect$$libinit$$0000001D)
    __rt_lib_init_stdio_1                    0x0800020d   Thumb Code     0  libinit2.o(.ARM.Collect$$libinit$$00000025)
    __rt_lib_init_user_alloc_1               0x0800020d   Thumb Code     0  libinit2.o(.ARM.Collect$$libinit$$0000000C)
    __rt_lib_shutdown                        0x0800020f   Thumb Code     0  libshutdown.o(.ARM.Collect$$libshutdown$$00000000)
    __rt_lib_shutdown_cpp_1                  0x08000211   Thumb Code     0  libshutdown2.o(.ARM.Collect$$libshutdown$$00000002)
    __rt_lib_shutdown_fp_trap_1              0x08000211   Thumb Code     0  libshutdown2.o(.ARM.Collect$$libshutdown$$00000007)
    __rt_lib_shutdown_heap_1                 0x08000211   Thumb Code     0  libshutdown2.o(.ARM.Collect$$libshutdown$$0000000F)
    __rt_lib_shutdown_return                 0x08000211   Thumb Code     0  libshutdown2.o(.ARM.Collect$$libshutdown$$00000010)
    __rt_lib_shutdown_signal_1               0x08000211   Thumb Code     0  libshutdown2.o(.ARM.Collect$$libshutdown$$0000000A)
    __rt_lib_shutdown_stdio_1                0x08000211   Thumb Code     0  libshutdown2.o(.ARM.Collect$$libshutdown$$00000004)
    __rt_lib_shutdown_user_alloc_1           0x08000211   Thumb Code     0  libshutdown2.o(.ARM.Collect$$libshutdown$$0000000C)
    __rt_entry                               0x08000213   Thumb Code     0  __rtentry.o(.ARM.Collect$$rtentry$$00000000)
    __rt_entry_presh_1                       0x08000213   Thumb Code     0  __rtentry2.o(.ARM.Collect$$rtentry$$00000002)
    __rt_entry_sh                            0x08000213   Thumb Code     0  __rtentry4.o(.ARM.Collect$$rtentry$$00000004)
    __rt_entry_li                            0x08000219   Thumb Code     0  __rtentry2.o(.ARM.Collect$$rtentry$$0000000A)
    __rt_entry_postsh_1                      0x08000219   Thumb Code     0  __rtentry2.o(.ARM.Collect$$rtentry$$00000009)
    __rt_entry_main                          0x0800021d   Thumb Code     0  __rtentry2.o(.ARM.Collect$$rtentry$$0000000D)
    __rt_entry_postli_1                      0x0800021d   Thumb Code     0  __rtentry2.o(.ARM.Collect$$rtentry$$0000000C)
    __rt_exit                                0x08000225   Thumb Code     0  rtexit.o(.ARM.Collect$$rtexit$$00000000)
    __rt_exit_ls                             0x08000227   Thumb Code     0  rtexit2.o(.ARM.Collect$$rtexit$$00000003)
    __rt_exit_prels_1                        0x08000227   Thumb Code     0  rtexit2.o(.ARM.Collect$$rtexit$$00000002)
    __rt_exit_exit                           0x0800022b   Thumb Code     0  rtexit2.o(.ARM.Collect$$rtexit$$00000004)
    Reset_Handler                            0x08000231   Thumb Code     8  startup_stm32f40_41xxx.o(.text)
    PendSV_Handler                           0x08000247   Thumb Code     2  startup_stm32f40_41xxx.o(.text)
    ADC_IRQHandler                           0x0800024b   Thumb Code     0  startup_stm32f40_41xxx.o(.text)
    CAN1_RX0_IRQHandler                      0x0800024b   Thumb Code     0  startup_stm32f40_41xxx.o(.text)
    CAN1_RX1_IRQHandler                      0x0800024b   Thumb Code     0  startup_stm32f40_41xxx.o(.text)
    CAN1_SCE_IRQHandler                      0x0800024b   Thumb Code     0  startup_stm32f40_41xxx.o(.text)
    CAN1_TX_IRQHandler                       0x0800024b   Thumb Code     0  startup_stm32f40_41xxx.o(.text)
    CAN2_RX0_IRQHandler                      0x0800024b   Thumb Code     0  startup_stm32f40_41xxx.o(.text)
    CAN2_RX1_IRQHandler                      0x0800024b   Thumb Code     0  startup_stm32f40_41xxx.o(.text)
    CAN2_SCE_IRQHandler                      0x0800024b   Thumb Code     0  startup_stm32f40_41xxx.o(.text)
    CAN2_TX_IRQHandler                       0x0800024b   Thumb Code     0  startup_stm32f40_41xxx.o(.text)
    CRYP_IRQHandler                          0x0800024b   Thumb Code     0  startup_stm32f40_41xxx.o(.text)
    DCMI_IRQHandler                          0x0800024b   Thumb Code     0  startup_stm32f40_41xxx.o(.text)
    DMA1_Stream0_IRQHandler                  0x0800024b   Thumb Code     0  startup_stm32f40_41xxx.o(.text)
    DMA1_Stream1_IRQHandler                  0x0800024b   Thumb Code     0  startup_stm32f40_41xxx.o(.text)
    DMA1_Stream2_IRQHandler                  0x0800024b   Thumb Code     0  startup_stm32f40_41xxx.o(.text)
    DMA1_Stream3_IRQHandler                  0x0800024b   Thumb Code     0  startup_stm32f40_41xxx.o(.text)
    DMA1_Stream4_IRQHandler                  0x0800024b   Thumb Code     0  startup_stm32f40_41xxx.o(.text)
    DMA1_Stream5_IRQHandler                  0x0800024b   Thumb Code     0  startup_stm32f40_41xxx.o(.text)
    DMA1_Stream6_IRQHandler                  0x0800024b   Thumb Code     0  startup_stm32f40_41xxx.o(.text)
    DMA1_Stream7_IRQHandler                  0x0800024b   Thumb Code     0  startup_stm32f40_41xxx.o(.text)
    DMA2_Stream0_IRQHandler                  0x0800024b   Thumb Code     0  startup_stm32f40_41xxx.o(.text)
    DMA2_Stream1_IRQHandler                  0x0800024b   Thumb Code     0  startup_stm32f40_41xxx.o(.text)
    DMA2_Stream2_IRQHandler                  0x0800024b   Thumb Code     0  startup_stm32f40_41xxx.o(.text)
    DMA2_Stream3_IRQHandler                  0x0800024b   Thumb Code     0  startup_stm32f40_41xxx.o(.text)
    DMA2_Stream4_IRQHandler                  0x0800024b   Thumb Code     0  startup_stm32f40_41xxx.o(.text)
    DMA2_Stream5_IRQHandler                  0x0800024b   Thumb Code     0  startup_stm32f40_41xxx.o(.text)
    DMA2_Stream6_IRQHandler                  0x0800024b   Thumb Code     0  startup_stm32f40_41xxx.o(.text)
    DMA2_Stream7_IRQHandler                  0x0800024b   Thumb Code     0  startup_stm32f40_41xxx.o(.text)
    ETH_IRQHandler                           0x0800024b   Thumb Code     0  startup_stm32f40_41xxx.o(.text)
    ETH_WKUP_IRQHandler                      0x0800024b   Thumb Code     0  startup_stm32f40_41xxx.o(.text)
    EXTI0_IRQHandler                         0x0800024b   Thumb Code     0  startup_stm32f40_41xxx.o(.text)
    EXTI15_10_IRQHandler                     0x0800024b   Thumb Code     0  startup_stm32f40_41xxx.o(.text)
    EXTI1_IRQHandler                         0x0800024b   Thumb Code     0  startup_stm32f40_41xxx.o(.text)
    EXTI2_IRQHandler                         0x0800024b   Thumb Code     0  startup_stm32f40_41xxx.o(.text)
    EXTI3_IRQHandler                         0x0800024b   Thumb Code     0  startup_stm32f40_41xxx.o(.text)
    EXTI4_IRQHandler                         0x0800024b   Thumb Code     0  startup_stm32f40_41xxx.o(.text)
    EXTI9_5_IRQHandler                       0x0800024b   Thumb Code     0  startup_stm32f40_41xxx.o(.text)
    FLASH_IRQHandler                         0x0800024b   Thumb Code     0  startup_stm32f40_41xxx.o(.text)
    FPU_IRQHandler                           0x0800024b   Thumb Code     0  startup_stm32f40_41xxx.o(.text)
    FSMC_IRQHandler                          0x0800024b   Thumb Code     0  startup_stm32f40_41xxx.o(.text)
    HASH_RNG_IRQHandler                      0x0800024b   Thumb Code     0  startup_stm32f40_41xxx.o(.text)
    I2C1_ER_IRQHandler                       0x0800024b   Thumb Code     0  startup_stm32f40_41xxx.o(.text)
    I2C1_EV_IRQHandler                       0x0800024b   Thumb Code     0  startup_stm32f40_41xxx.o(.text)
    I2C2_ER_IRQHandler                       0x0800024b   Thumb Code     0  startup_stm32f40_41xxx.o(.text)
    I2C2_EV_IRQHandler                       0x0800024b   Thumb Code     0  startup_stm32f40_41xxx.o(.text)
    I2C3_ER_IRQHandler                       0x0800024b   Thumb Code     0  startup_stm32f40_41xxx.o(.text)
    I2C3_EV_IRQHandler                       0x0800024b   Thumb Code     0  startup_stm32f40_41xxx.o(.text)
    OTG_FS_IRQHandler                        0x0800024b   Thumb Code     0  startup_stm32f40_41xxx.o(.text)
    OTG_FS_WKUP_IRQHandler                   0x0800024b   Thumb Code     0  startup_stm32f40_41xxx.o(.text)
    OTG_HS_EP1_IN_IRQHandler                 0x0800024b   Thumb Code     0  startup_stm32f40_41xxx.o(.text)
    OTG_HS_EP1_OUT_IRQHandler                0x0800024b   Thumb Code     0  startup_stm32f40_41xxx.o(.text)
    OTG_HS_IRQHandler                        0x0800024b   Thumb Code     0  startup_stm32f40_41xxx.o(.text)
    OTG_HS_WKUP_IRQHandler                   0x0800024b   Thumb Code     0  startup_stm32f40_41xxx.o(.text)
    PVD_IRQHandler                           0x0800024b   Thumb Code     0  startup_stm32f40_41xxx.o(.text)
    RCC_IRQHandler                           0x0800024b   Thumb Code     0  startup_stm32f40_41xxx.o(.text)
    RTC_Alarm_IRQHandler                     0x0800024b   Thumb Code     0  startup_stm32f40_41xxx.o(.text)
    RTC_WKUP_IRQHandler                      0x0800024b   Thumb Code     0  startup_stm32f40_41xxx.o(.text)
    SDIO_IRQHandler                          0x0800024b   Thumb Code     0  startup_stm32f40_41xxx.o(.text)
    SPI1_IRQHandler                          0x0800024b   Thumb Code     0  startup_stm32f40_41xxx.o(.text)
    SPI2_IRQHandler                          0x0800024b   Thumb Code     0  startup_stm32f40_41xxx.o(.text)
    SPI3_IRQHandler                          0x0800024b   Thumb Code     0  startup_stm32f40_41xxx.o(.text)
    TAMP_STAMP_IRQHandler                    0x0800024b   Thumb Code     0  startup_stm32f40_41xxx.o(.text)
    TIM1_BRK_TIM9_IRQHandler                 0x0800024b   Thumb Code     0  startup_stm32f40_41xxx.o(.text)
    TIM1_CC_IRQHandler                       0x0800024b   Thumb Code     0  startup_stm32f40_41xxx.o(.text)
    TIM1_TRG_COM_TIM11_IRQHandler            0x0800024b   Thumb Code     0  startup_stm32f40_41xxx.o(.text)
    TIM1_UP_TIM10_IRQHandler                 0x0800024b   Thumb Code     0  startup_stm32f40_41xxx.o(.text)
    TIM2_IRQHandler                          0x0800024b   Thumb Code     0  startup_stm32f40_41xxx.o(.text)
    TIM3_IRQHandler                          0x0800024b   Thumb Code     0  startup_stm32f40_41xxx.o(.text)
    TIM4_IRQHandler                          0x0800024b   Thumb Code     0  startup_stm32f40_41xxx.o(.text)
    TIM5_IRQHandler                          0x0800024b   Thumb Code     0  startup_stm32f40_41xxx.o(.text)
    TIM6_DAC_IRQHandler                      0x0800024b   Thumb Code     0  startup_stm32f40_41xxx.o(.text)
    TIM7_IRQHandler                          0x0800024b   Thumb Code     0  startup_stm32f40_41xxx.o(.text)
    TIM8_BRK_TIM12_IRQHandler                0x0800024b   Thumb Code     0  startup_stm32f40_41xxx.o(.text)
    TIM8_CC_IRQHandler                       0x0800024b   Thumb Code     0  startup_stm32f40_41xxx.o(.text)
    TIM8_TRG_COM_TIM14_IRQHandler            0x0800024b   Thumb Code     0  startup_stm32f40_41xxx.o(.text)
    TIM8_UP_TIM13_IRQHandler                 0x0800024b   Thumb Code     0  startup_stm32f40_41xxx.o(.text)
    UART5_IRQHandler                         0x0800024b   Thumb Code     0  startup_stm32f40_41xxx.o(.text)
    USART1_IRQHandler                        0x0800024b   Thumb Code     0  startup_stm32f40_41xxx.o(.text)
    USART2_IRQHandler                        0x0800024b   Thumb Code     0  startup_stm32f40_41xxx.o(.text)
    USART3_IRQHandler                        0x0800024b   Thumb Code     0  startup_stm32f40_41xxx.o(.text)
    USART6_IRQHandler                        0x0800024b   Thumb Code     0  startup_stm32f40_41xxx.o(.text)
    WWDG_IRQHandler                          0x0800024b   Thumb Code     0  startup_stm32f40_41xxx.o(.text)
    __user_initial_stackheap                 0x0800024d   Thumb Code     0  startup_stm32f40_41xxx.o(.text)
    enterCriticality                         0x08000271   Thumb Code     8  mcu.o(.text)
    exitCriticality                          0x08000279   Thumb Code     6  mcu.o(.text)
    __2printf                                0x08000281   Thumb Code    20  noretval__2printf.o(.text)
    __printf                                 0x08000299   Thumb Code   104  __printf.o(.text)
    _printf_str                              0x08000301   Thumb Code    82  _printf_str.o(.text)
    __use_two_region_memory                  0x08000353   Thumb Code     2  heapauxi.o(.text)
    __rt_heap_escrow$2region                 0x08000355   Thumb Code     2  heapauxi.o(.text)
    __rt_heap_expand$2region                 0x08000357   Thumb Code     2  heapauxi.o(.text)
    _printf_cs_common                        0x08000359   Thumb Code    20  _printf_char.o(.text)
    _printf_char                             0x0800036d   Thumb Code    16  _printf_char.o(.text)
    _printf_string                           0x0800037d   Thumb Code     8  _printf_char.o(.text)
    _printf_char_file                        0x08000385   Thumb Code    32  _printf_char_file.o(.text)
    _printf_char_common                      0x080003b3   Thumb Code    32  _printf_char_common.o(.text)
    ferror                                   0x080003d9   Thumb Code     8  ferror.o(.text)
    __user_setup_stackheap                   0x080003e1   Thumb Code    74  sys_stackheap_outer.o(.text)
    exit                                     0x0800042b   Thumb Code    18  exit.o(.text)
    __user_libspace                          0x0800043d   Thumb Code     8  libspace.o(.text)
    __user_perproc_libspace                  0x0800043d   Thumb Code     0  libspace.o(.text)
    __user_perthread_libspace                0x0800043d   Thumb Code     0  libspace.o(.text)
    _sys_exit                                0x08000445   Thumb Code     8  sys_exit.o(.text)
    __I$use$semihosting                      0x08000451   Thumb Code     0  use_no_semi.o(.text)
    __use_no_semihosting_swi                 0x08000451   Thumb Code     2  use_no_semi.o(.text)
    BusFault_Handler                         0x08000453   Thumb Code     4  stm32f4xx_it.o(i.BusFault_Handler)
    __semihosting_library_function           0x08000453   Thumb Code     0  indicate_semi.o(.text)
    DebugMon_Handler                         0x08000457   Thumb Code     2  stm32f4xx_it.o(i.DebugMon_Handler)
    GPIO_Init                                0x08000459   Thumb Code   144  stm32f4xx_gpio.o(i.GPIO_Init)
    GPIO_PinAFConfig                         0x080004e9   Thumb Code    70  stm32f4xx_gpio.o(i.GPIO_PinAFConfig)
    HardFault_Handler                        0x0800052f   Thumb Code     4  stm32f4xx_it.o(i.HardFault_Handler)
    MemManage_Handler                        0x08000533   Thumb Code     4  stm32f4xx_it.o(i.MemManage_Handler)
    NMI_Handler                              0x08000537   Thumb Code     2  stm32f4xx_it.o(i.NMI_Handler)
    NVIC_Init                                0x08000539   Thumb Code   106  misc.o(i.NVIC_Init)
    RCC_AHB1PeriphClockCmd                   0x080005b1   Thumb Code    26  stm32f4xx_rcc.o(i.RCC_AHB1PeriphClockCmd)
    RCC_APB1PeriphClockCmd                   0x080005d1   Thumb Code    26  stm32f4xx_rcc.o(i.RCC_APB1PeriphClockCmd)
    RCC_GetClocksFreq                        0x080005f1   Thumb Code   214  stm32f4xx_rcc.o(i.RCC_GetClocksFreq)
    SVC_Handler                              0x080006d9   Thumb Code     2  stm32f4xx_it.o(i.SVC_Handler)
    SysTick_Handler                          0x080007c9   Thumb Code     8  mfw.o(i.SysTick_Handler)
    SystemInit                               0x080007d1   Thumb Code    88  system_stm32f4xx.o(i.SystemInit)
    UART4_IRQHandler                         0x08000839   Thumb Code   104  uart.o(i.UART4_IRQHandler)
    USART_ClearITPendingBit                  0x080008a9   Thumb Code    30  stm32f4xx_usart.o(i.USART_ClearITPendingBit)
    USART_Cmd                                0x080008c7   Thumb Code    24  stm32f4xx_usart.o(i.USART_Cmd)
    USART_GetFlagStatus                      0x080008df   Thumb Code    26  stm32f4xx_usart.o(i.USART_GetFlagStatus)
    USART_GetITStatus                        0x080008f9   Thumb Code    84  stm32f4xx_usart.o(i.USART_GetITStatus)
    USART_ITConfig                           0x0800094d   Thumb Code    74  stm32f4xx_usart.o(i.USART_ITConfig)
    USART_Init                               0x08000999   Thumb Code   204  stm32f4xx_usart.o(i.USART_Init)
    USART_ReceiveData                        0x08000a6d   Thumb Code    10  stm32f4xx_usart.o(i.USART_ReceiveData)
    USART_SendData                           0x08000a77   Thumb Code     8  stm32f4xx_usart.o(i.USART_SendData)
    UsageFault_Handler                       0x08000a7f   Thumb Code     4  stm32f4xx_it.o(i.UsageFault_Handler)
    _consoleInit                             0x08000a85   Thumb Code    14  mfw.o(i._consoleInit)
    _mfwHandler                              0x08000a9d   Thumb Code    42  mfw.o(i._mfwHandler)
    _mfwInit                                 0x08000acd   Thumb Code   110  mfw.o(i._mfwInit)
    _uart4_init                              0x08000b91   Thumb Code   184  uart.o(i._uart4_init)
    _uart4_read                              0x08000c55   Thumb Code    60  uart.o(i._uart4_read)
    _uart4_send                              0x08000c95   Thumb Code    46  uart.o(i._uart4_send)
    fputc                                    0x08000cc9   Thumb Code    18  mfw.o(i.fputc)
    main                                     0x08000cfb   Thumb Code    14  main.o(i.main)
    testInit                                 0x08000d09   Thumb Code    48  test.o(i.testInit)
    test_loop                                0x08000d45   Thumb Code    50  test.o(i.test_loop)
    _fp_init                                 0x08000d91   Thumb Code    10  fpinit.o(x$fpl$fpinit)
    __fplib_config_fpu_vfp                   0x08000d99   Thumb Code     0  fpinit.o(x$fpl$fpinit)
    __fplib_config_pureend_doubles           0x08000d99   Thumb Code     0  fpinit.o(x$fpl$fpinit)
    Region$$Table$$Base                      0x08000da4   Number         0  anon$$obj.o(Region$$Table)
    Region$$Table$$Limit                     0x08000dc4   Number         0  anon$$obj.o(Region$$Table)
    SystemCoreClock                          0x20000000   Data           4  system_stm32f4xx.o(.data)
    AHBPrescTable                            0x20000004   Data          16  system_stm32f4xx.o(.data)
    _uart4_fifo                              0x20000024   Data           8  uart.o(.data)
    uart4                                    0x2000002c   Data          12  uart.o(.data)
    __stdout                                 0x20000038   Data           4  mfw.o(.data)
    _task_readyListHeadNode                  0x2000003c   Data           8  mfw.o(.data)
    _task_sleepListHeadNode                  0x20000044   Data           8  mfw.o(.data)
    _consoleBuff                             0x2000004c   Data          64  mfw.o(.bss)
    task                                     0x2000008c   Data          28  test.o(.bss)
    __libspace_start                         0x200000a8   Data          96  libspace.o(.bss)
    __temporary_stack_top$libspace           0x20000108   Data           0  libspace.o(.bss)



==============================================================================

Memory Map of the image

  Image Entry point : 0x08000189

  Load Region LR_IROM1 (Base: 0x08000000, Size: 0x00000e10, Max: 0x00100000, ABSOLUTE)

    Execution Region ER_IROM1 (Exec base: 0x08000000, Load base: 0x08000000, Size: 0x00000dc4, Max: 0x00100000, ABSOLUTE)

    Exec Addr    Load Addr    Size         Type   Attr      Idx    E Section Name        Object

    0x08000000   0x08000000   0x00000188   Data   RO          206    RESET               startup_stm32f40_41xxx.o
    0x08000188   0x08000188   0x00000008   Code   RO         1204  * !!!main             c_w.l(__main.o)
    0x08000190   0x08000190   0x00000034   Code   RO         1374    !!!scatter          c_w.l(__scatter.o)
    0x080001c4   0x080001c4   0x0000001a   Code   RO         1376    !!handler_copy      c_w.l(__scatter_copy.o)
    0x080001de   0x080001de   0x00000002   PAD
    0x080001e0   0x080001e0   0x0000001c   Code   RO         1378    !!handler_zi        c_w.l(__scatter_zi.o)
    0x080001fc   0x080001fc   0x00000000   Code   RO         1201    .ARM.Collect$$_printf_percent$$00000000  c_w.l(_printf_percent.o)
    0x080001fc   0x080001fc   0x00000006   Code   RO         1200    .ARM.Collect$$_printf_percent$$00000014  c_w.l(_printf_s.o)
    0x08000202   0x08000202   0x00000004   Code   RO         1211    .ARM.Collect$$_printf_percent$$00000017  c_w.l(_printf_percent_end.o)
    0x08000206   0x08000206   0x00000002   Code   RO         1244    .ARM.Collect$$libinit$$00000000  c_w.l(libinit.o)
    0x08000208   0x08000208   0x00000004   Code   RO         1250    .ARM.Collect$$libinit$$00000001  c_w.l(libinit2.o)
    0x0800020c   0x0800020c   0x00000000   Code   RO         1253    .ARM.Collect$$libinit$$00000004  c_w.l(libinit2.o)
    0x0800020c   0x0800020c   0x00000000   Code   RO         1256    .ARM.Collect$$libinit$$0000000A  c_w.l(libinit2.o)
    0x0800020c   0x0800020c   0x00000000   Code   RO         1258    .ARM.Collect$$libinit$$0000000C  c_w.l(libinit2.o)
    0x0800020c   0x0800020c   0x00000000   Code   RO         1260    .ARM.Collect$$libinit$$0000000E  c_w.l(libinit2.o)
    0x0800020c   0x0800020c   0x00000000   Code   RO         1263    .ARM.Collect$$libinit$$00000011  c_w.l(libinit2.o)
    0x0800020c   0x0800020c   0x00000000   Code   RO         1265    .ARM.Collect$$libinit$$00000013  c_w.l(libinit2.o)
    0x0800020c   0x0800020c   0x00000000   Code   RO         1267    .ARM.Collect$$libinit$$00000015  c_w.l(libinit2.o)
    0x0800020c   0x0800020c   0x00000000   Code   RO         1269    .ARM.Collect$$libinit$$00000017  c_w.l(libinit2.o)
    0x0800020c   0x0800020c   0x00000000   Code   RO         1271    .ARM.Collect$$libinit$$00000019  c_w.l(libinit2.o)
    0x0800020c   0x0800020c   0x00000000   Code   RO         1273    .ARM.Collect$$libinit$$0000001B  c_w.l(libinit2.o)
    0x0800020c   0x0800020c   0x00000000   Code   RO         1275    .ARM.Collect$$libinit$$0000001D  c_w.l(libinit2.o)
    0x0800020c   0x0800020c   0x00000000   Code   RO         1277    .ARM.Collect$$libinit$$0000001F  c_w.l(libinit2.o)
    0x0800020c   0x0800020c   0x00000000   Code   RO         1279    .ARM.Collect$$libinit$$00000021  c_w.l(libinit2.o)
    0x0800020c   0x0800020c   0x00000000   Code   RO         1281    .ARM.Collect$$libinit$$00000023  c_w.l(libinit2.o)
    0x0800020c   0x0800020c   0x00000000   Code   RO         1283    .ARM.Collect$$libinit$$00000025  c_w.l(libinit2.o)
    0x0800020c   0x0800020c   0x00000000   Code   RO         1287    .ARM.Collect$$libinit$$0000002C  c_w.l(libinit2.o)
    0x0800020c   0x0800020c   0x00000000   Code   RO         1289    .ARM.Collect$$libinit$$0000002E  c_w.l(libinit2.o)
    0x0800020c   0x0800020c   0x00000000   Code   RO         1291    .ARM.Collect$$libinit$$00000030  c_w.l(libinit2.o)
    0x0800020c   0x0800020c   0x00000000   Code   RO         1293    .ARM.Collect$$libinit$$00000032  c_w.l(libinit2.o)
    0x0800020c   0x0800020c   0x00000002   Code   RO         1294    .ARM.Collect$$libinit$$00000033  c_w.l(libinit2.o)
    0x0800020e   0x0800020e   0x00000002   Code   RO         1314    .ARM.Collect$$libshutdown$$00000000  c_w.l(libshutdown.o)
    0x08000210   0x08000210   0x00000000   Code   RO         1327    .ARM.Collect$$libshutdown$$00000002  c_w.l(libshutdown2.o)
    0x08000210   0x08000210   0x00000000   Code   RO         1329    .ARM.Collect$$libshutdown$$00000004  c_w.l(libshutdown2.o)
    0x08000210   0x08000210   0x00000000   Code   RO         1332    .ARM.Collect$$libshutdown$$00000007  c_w.l(libshutdown2.o)
    0x08000210   0x08000210   0x00000000   Code   RO         1335    .ARM.Collect$$libshutdown$$0000000A  c_w.l(libshutdown2.o)
    0x08000210   0x08000210   0x00000000   Code   RO         1337    .ARM.Collect$$libshutdown$$0000000C  c_w.l(libshutdown2.o)
    0x08000210   0x08000210   0x00000000   Code   RO         1340    .ARM.Collect$$libshutdown$$0000000F  c_w.l(libshutdown2.o)
    0x08000210   0x08000210   0x00000002   Code   RO         1341    .ARM.Collect$$libshutdown$$00000010  c_w.l(libshutdown2.o)
    0x08000212   0x08000212   0x00000000   Code   RO         1206    .ARM.Collect$$rtentry$$00000000  c_w.l(__rtentry.o)
    0x08000212   0x08000212   0x00000000   Code   RO         1213    .ARM.Collect$$rtentry$$00000002  c_w.l(__rtentry2.o)
    0x08000212   0x08000212   0x00000006   Code   RO         1225    .ARM.Collect$$rtentry$$00000004  c_w.l(__rtentry4.o)
    0x08000218   0x08000218   0x00000000   Code   RO         1215    .ARM.Collect$$rtentry$$00000009  c_w.l(__rtentry2.o)
    0x08000218   0x08000218   0x00000004   Code   RO         1216    .ARM.Collect$$rtentry$$0000000A  c_w.l(__rtentry2.o)
    0x0800021c   0x0800021c   0x00000000   Code   RO         1218    .ARM.Collect$$rtentry$$0000000C  c_w.l(__rtentry2.o)
    0x0800021c   0x0800021c   0x00000008   Code   RO         1219    .ARM.Collect$$rtentry$$0000000D  c_w.l(__rtentry2.o)
    0x08000224   0x08000224   0x00000002   Code   RO         1248    .ARM.Collect$$rtexit$$00000000  c_w.l(rtexit.o)
    0x08000226   0x08000226   0x00000000   Code   RO         1296    .ARM.Collect$$rtexit$$00000002  c_w.l(rtexit2.o)
    0x08000226   0x08000226   0x00000004   Code   RO         1297    .ARM.Collect$$rtexit$$00000003  c_w.l(rtexit2.o)
    0x0800022a   0x0800022a   0x00000006   Code   RO         1298    .ARM.Collect$$rtexit$$00000004  c_w.l(rtexit2.o)
    0x08000230   0x08000230   0x00000040   Code   RO          207    .text               startup_stm32f40_41xxx.o
    0x08000270   0x08000270   0x00000010   Code   RO          965    .text               mcu.o
    0x08000280   0x08000280   0x00000018   Code   RO         1174    .text               c_w.l(noretval__2printf.o)
    0x08000298   0x08000298   0x00000068   Code   RO         1176    .text               c_w.l(__printf.o)
    0x08000300   0x08000300   0x00000052   Code   RO         1178    .text               c_w.l(_printf_str.o)
    0x08000352   0x08000352   0x00000006   Code   RO         1202    .text               c_w.l(heapauxi.o)
    0x08000358   0x08000358   0x0000002c   Code   RO         1207    .text               c_w.l(_printf_char.o)
    0x08000384   0x08000384   0x00000024   Code   RO         1209    .text               c_w.l(_printf_char_file.o)
    0x080003a8   0x080003a8   0x00000030   Code   RO         1227    .text               c_w.l(_printf_char_common.o)
    0x080003d8   0x080003d8   0x00000008   Code   RO         1229    .text               c_w.l(ferror.o)
    0x080003e0   0x080003e0   0x0000004a   Code   RO         1233    .text               c_w.l(sys_stackheap_outer.o)
    0x0800042a   0x0800042a   0x00000012   Code   RO         1237    .text               c_w.l(exit.o)
    0x0800043c   0x0800043c   0x00000008   Code   RO         1245    .text               c_w.l(libspace.o)
    0x08000444   0x08000444   0x0000000c   Code   RO         1306    .text               c_w.l(sys_exit.o)
    0x08000450   0x08000450   0x00000002   Code   RO         1317    .text               c_w.l(use_no_semi.o)
    0x08000452   0x08000452   0x00000000   Code   RO         1319    .text               c_w.l(indicate_semi.o)
    0x08000452   0x08000452   0x00000004   Code   RO            3    i.BusFault_Handler  stm32f4xx_it.o
    0x08000456   0x08000456   0x00000002   Code   RO            4    i.DebugMon_Handler  stm32f4xx_it.o
    0x08000458   0x08000458   0x00000090   Code   RO          336    i.GPIO_Init         stm32f4xx_gpio.o
    0x080004e8   0x080004e8   0x00000046   Code   RO          337    i.GPIO_PinAFConfig  stm32f4xx_gpio.o
    0x0800052e   0x0800052e   0x00000004   Code   RO            5    i.HardFault_Handler  stm32f4xx_it.o
    0x08000532   0x08000532   0x00000004   Code   RO            6    i.MemManage_Handler  stm32f4xx_it.o
    0x08000536   0x08000536   0x00000002   Code   RO            7    i.NMI_Handler       stm32f4xx_it.o
    0x08000538   0x08000538   0x00000078   Code   RO          213    i.NVIC_Init         misc.o
    0x080005b0   0x080005b0   0x00000020   Code   RO          439    i.RCC_AHB1PeriphClockCmd  stm32f4xx_rcc.o
    0x080005d0   0x080005d0   0x00000020   Code   RO          448    i.RCC_APB1PeriphClockCmd  stm32f4xx_rcc.o
    0x080005f0   0x080005f0   0x000000e8   Code   RO          460    i.RCC_GetClocksFreq  stm32f4xx_rcc.o
    0x080006d8   0x080006d8   0x00000002   Code   RO            8    i.SVC_Handler       stm32f4xx_it.o
    0x080006da   0x080006da   0x00000002   PAD
    0x080006dc   0x080006dc   0x000000ec   Code   RO          169    i.SetSysClock       system_stm32f4xx.o
    0x080007c8   0x080007c8   0x00000008   Code   RO         1029    i.SysTick_Handler   mfw.o
    0x080007d0   0x080007d0   0x00000068   Code   RO          171    i.SystemInit        system_stm32f4xx.o
    0x08000838   0x08000838   0x00000070   Code   RO          971    i.UART4_IRQHandler  uart.o
    0x080008a8   0x080008a8   0x0000001e   Code   RO          777    i.USART_ClearITPendingBit  stm32f4xx_usart.o
    0x080008c6   0x080008c6   0x00000018   Code   RO          780    i.USART_Cmd         stm32f4xx_usart.o
    0x080008de   0x080008de   0x0000001a   Code   RO          783    i.USART_GetFlagStatus  stm32f4xx_usart.o
    0x080008f8   0x080008f8   0x00000054   Code   RO          784    i.USART_GetITStatus  stm32f4xx_usart.o
    0x0800094c   0x0800094c   0x0000004a   Code   RO          786    i.USART_ITConfig    stm32f4xx_usart.o
    0x08000996   0x08000996   0x00000002   PAD
    0x08000998   0x08000998   0x000000d4   Code   RO          787    i.USART_Init        stm32f4xx_usart.o
    0x08000a6c   0x08000a6c   0x0000000a   Code   RO          794    i.USART_ReceiveData  stm32f4xx_usart.o
    0x08000a76   0x08000a76   0x00000008   Code   RO          797    i.USART_SendData    stm32f4xx_usart.o
    0x08000a7e   0x08000a7e   0x00000004   Code   RO            9    i.UsageFault_Handler  stm32f4xx_it.o
    0x08000a82   0x08000a82   0x00000002   PAD
    0x08000a84   0x08000a84   0x00000018   Code   RO         1030    i._consoleInit      mfw.o
    0x08000a9c   0x08000a9c   0x00000030   Code   RO         1031    i._mfwHandler       mfw.o
    0x08000acc   0x08000acc   0x00000084   Code   RO         1032    i._mfwInit          mfw.o
    0x08000b50   0x08000b50   0x00000040   Code   RO         1033    i._taskTick         mfw.o
    0x08000b90   0x08000b90   0x000000c4   Code   RO          972    i._uart4_init       uart.o
    0x08000c54   0x08000c54   0x00000040   Code   RO          973    i._uart4_read       uart.o
    0x08000c94   0x08000c94   0x00000034   Code   RO          974    i._uart4_send       uart.o
    0x08000cc8   0x08000cc8   0x00000018   Code   RO         1034    i.fputc             mfw.o
    0x08000ce0   0x08000ce0   0x00000006   Code   RO         1035    i.list_init         mfw.o
    0x08000ce6   0x08000ce6   0x00000006   Code   RO         1127    i.list_init         test.o
    0x08000cec   0x08000cec   0x0000000e   Code   RO         1128    i.list_insertBefore  test.o
    0x08000cfa   0x08000cfa   0x0000000e   Code   RO         1016    i.main              main.o
    0x08000d08   0x08000d08   0x0000003c   Code   RO         1129    i.testInit          test.o
    0x08000d44   0x08000d44   0x0000004c   Code   RO         1130    i.test_loop         test.o
    0x08000d90   0x08000d90   0x0000000a   Code   RO         1304    x$fpl$fpinit        fz_wm.l(fpinit.o)
    0x08000d9a   0x08000d9a   0x0000000a   Data   RO         1132    .constdata          test.o
    0x08000da4   0x08000da4   0x00000020   Data   RO         1372    Region$$Table       anon$$obj.o


    Execution Region RW_IRAM1 (Exec base: 0x20000000, Load base: 0x08000dc4, Size: 0x00000708, Max: 0x00020000, ABSOLUTE)

    Exec Addr    Load Addr    Size         Type   Attr      Idx    E Section Name        Object

    0x20000000   0x08000dc4   0x00000014   Data   RW          172    .data               system_stm32f4xx.o
    0x20000014   0x08000dd8   0x00000010   Data   RW          492    .data               stm32f4xx_rcc.o
    0x20000024   0x08000de8   0x00000014   Data   RW          975    .data               uart.o
    0x20000038   0x08000dfc   0x00000014   Data   RW         1037    .data               mfw.o
    0x2000004c        -       0x00000040   Zero   RW         1036    .bss                mfw.o
    0x2000008c        -       0x0000001c   Zero   RW         1131    .bss                test.o
    0x200000a8        -       0x00000060   Zero   RW         1246    .bss                c_w.l(libspace.o)
    0x20000108        -       0x00000200   Zero   RW          205    HEAP                startup_stm32f40_41xxx.o
    0x20000308        -       0x00000400   Zero   RW          204    STACK               startup_stm32f40_41xxx.o


==============================================================================

Image component sizes


      Code (inc. data)   RO Data    RW Data    ZI Data      Debug   Object Name

        14          0          0          0          0        451   main.o
        16          2          0          0          0        416   mcu.o
       306         48          0         20         64      33548   mfw.o
       120         14          0          0          0      18156   misc.o
        64         26        392          0       1536        848   startup_stm32f40_41xxx.o
       214          0          0          0          0       8983   stm32f4xx_gpio.o
        22          0          0          0          0     250071   stm32f4xx_it.o
       296         30          0         16          0      19554   stm32f4xx_rcc.o
       468          8          0          0          0      12427   stm32f4xx_usart.o
       340         32          0         20          0       1957   system_stm32f4xx.o
       156         38         10          0         28       3512   test.o
       424         30          0         20          0       4721   uart.o

    ----------------------------------------------------------------------
      2446        228        434         76       1628     354644   Object Totals
         0          0         32          0          0          0   (incl. Generated)
         6          0          0          0          0          0   (incl. Padding)

    ----------------------------------------------------------------------

      Code (inc. data)   RO Data    RW Data    ZI Data      Debug   Library Member Name

         8          0          0          0          0         68   __main.o
       104          0          0          0          0         84   __printf.o
         0          0          0          0          0          0   __rtentry.o
        12          0          0          0          0          0   __rtentry2.o
         6          0          0          0          0          0   __rtentry4.o
        52          8          0          0          0          0   __scatter.o
        26          0          0          0          0          0   __scatter_copy.o
        28          0          0          0          0          0   __scatter_zi.o
        44          0          0          0          0        108   _printf_char.o
        48          6          0          0          0         96   _printf_char_common.o
        36          4          0          0          0         80   _printf_char_file.o
         0          0          0          0          0          0   _printf_percent.o
         4          0          0          0          0          0   _printf_percent_end.o
         6          0          0          0          0          0   _printf_s.o
        82          0          0          0          0         80   _printf_str.o
        18          0          0          0          0         80   exit.o
         8          0          0          0          0         68   ferror.o
         6          0          0          0          0        152   heapauxi.o
         0          0          0          0          0          0   indicate_semi.o
         2          0          0          0          0          0   libinit.o
         6          0          0          0          0          0   libinit2.o
         2          0          0          0          0          0   libshutdown.o
         2          0          0          0          0          0   libshutdown2.o
         8          4          0          0         96         68   libspace.o
        24          4          0          0          0         84   noretval__2printf.o
         2          0          0          0          0          0   rtexit.o
        10          0          0          0          0          0   rtexit2.o
        12          4          0          0          0         68   sys_exit.o
        74          0          0          0          0         80   sys_stackheap_outer.o
         2          0          0          0          0         68   use_no_semi.o
        10          0          0          0          0        116   fpinit.o

    ----------------------------------------------------------------------
       644         30          0          0         96       1300   Library Totals
         2          0          0          0          0          0   (incl. Padding)

    ----------------------------------------------------------------------

      Code (inc. data)   RO Data    RW Data    ZI Data      Debug   Library Name

       632         30          0          0         96       1184   c_w.l
        10          0          0          0          0        116   fz_wm.l

    ----------------------------------------------------------------------
       644         30          0          0         96       1300   Library Totals

    ----------------------------------------------------------------------

==============================================================================


      Code (inc. data)   RO Data    RW Data    ZI Data      Debug   

      3090        258        434         76       1724     351924   Grand Totals
      3090        258        434         76       1724     351924   ELF Image Totals
      3090        258        434         76          0          0   ROM Totals

==============================================================================

    Total RO  Size (Code + RO Data)                 3524 (   3.44kB)
    Total RW  Size (RW Data + ZI Data)              1800 (   1.76kB)
    Total ROM Size (Code + RO Data + RW Data)       3600 (   3.52kB)

==============================================================================

